<html>
<body>
<pre>
<h1>µVision Build Log</h1>
<h2>Tool Versions:</h2>
IDE-Version: µVision V5.23.0.0
Copyright (C) 2017 ARM Ltd and ARM Germany GmbH. All rights reserved.
License Information: Omar Rokiba, Flicktech., LIC=GE7DY-IFJSL-79GG1-C0TSC-K0DQA-20NDH
 
Tool Versions:
Toolchain:       MDK-ARM Professional  Version: 5.23
Toolchain Path:  C:\Keil_v5\ARM\ARMCC\Bin
C Compiler:      Armcc.exe V5.06 update 4 (build 422)
Assembler:       Armasm.exe V5.06 update 4 (build 422)
Linker/Locator:  ArmLink.exe V5.06 update 4 (build 422)
Library Manager: ArmAr.exe V5.06 update 4 (build 422)
Hex Converter:   FromElf.exe V5.06 update 4 (build 422)
CPU DLL:         SARMCM3.DLL V5.23
Dialog DLL:      DCM.DLL V1.15.0.0
Target DLL:      lmidk-agdi.dll V???
Dialog DLL:      TCM.DLL V1.27.0.0
 
<h2>Project:</h2>
D:\BSc Project\BSc Project\BSc. source code\Parsing test\parser.uvprojx
Project File Date:  07/26/2018

<h2>Output:</h2>
*** Using Compiler 'V5.06 update 4 (build 422)', folder: 'C:\Keil_v5\ARM\ARMCC\Bin'
Rebuild target 'Target 1'
assembling startup_TM4C123.s...
compiling SysTick.c...
compiling PLL.c...
compiling main.c...
compiling line_planner.c...
compiling gcode_parser.c...
compiling canonical.c...
compiling planner.c...
compiling util.c...
compiling encoder.c...
compiling plan_exec.c...
compiling profile_generator.c...
compiling loader.c...
compiling controller.c...
compiling stepper.c...
compiling HAL.c...
compiling debugging.c...
compiling cycle_probing.c...
compiling arc_planner.c...
compiling cycle_homing.c...
compiling switch.c...
linking...
Program Size: Code=38220 RO-data=1284 RW-data=5604 ZI-data=19460  
".\Objects\parser.axf" - 0 Error(s), 0 Warning(s).

<h2>Collection of Component include folders:</h2>
  .\RTE\_Target_1
  C:\Keil_v5\ARM\PACK\Keil\TM4C_DFP\1.1.0\Device\Include\TM4C123

<h2>Collection of Component Files used:</h2>
Build Time Elapsed:  00:00:04
</pre>
</body>
</html>
