Component: ARM Compiler 5.06 update 4 (build 422) Tool: armlink [4d35d2]

==============================================================================

Section Cross References

    canonical.o(i.canonical_init) refers to rt_memclr_w.o(.text) for __aeabi_memclr4
    canonical.o(i.canonical_init) refers to canonical.o(i.cm_select_unit_mode) for cm_select_unit_mode
    canonical.o(i.canonical_init) refers to canonical.o(i.cm_set_coord_system) for cm_set_coord_system
    canonical.o(i.canonical_init) refers to canonical.o(i.cm_select_plane) for cm_select_plane
    canonical.o(i.canonical_init) refers to canonical.o(i.cm_select_path_control) for cm_select_path_control
    canonical.o(i.canonical_init) refers to canonical.o(i.cm_select_distance_mode) for cm_select_distance_mode
    canonical.o(i.canonical_init) refers to canonical.o(i.cm_set_feed_rate_mode) for cm_set_feed_rate_mode
    canonical.o(i.canonical_init) refers to canonical.o(.bss) for cm
    canonical.o(i.cm_cycle_start) refers to canonical.o(.bss) for cm
    canonical.o(i.cm_finalize_move) refers to canonical.o(.bss) for cm
    canonical.o(i.cm_get_absolute_position) refers to planner.o(i.mp_get_runtime_absolute_position) for mp_get_runtime_absolute_position
    canonical.o(i.cm_get_absolute_position) refers to canonical.o(.bss) for cm
    canonical.o(i.cm_get_active_coord_offset) refers to canonical.o(.bss) for cm
    canonical.o(i.cm_get_axis_jerk) refers to canonical.o(.bss) for cm
    canonical.o(i.cm_get_machine_state) refers to canonical.o(.bss) for cm
    canonical.o(i.cm_get_runtime_busy) refers to line_planner.o(i.mp_get_runtime_busy) for mp_get_runtime_busy
    canonical.o(i.cm_hard_alarm) refers to stepper.o(i.st_init) for st_init
    canonical.o(i.cm_hard_alarm) refers to canonical.o(.bss) for cm
    canonical.o(i.cm_request_cycle_start) refers to canonical.o(.bss) for cm
    canonical.o(i.cm_reset_origin_offsets) refers to canonical.o(.bss) for cm
    canonical.o(i.cm_resume_origin_offsets) refers to canonical.o(.bss) for cm
    canonical.o(i.cm_select_distance_mode) refers to canonical.o(.bss) for cm
    canonical.o(i.cm_select_path_control) refers to canonical.o(.bss) for cm
    canonical.o(i.cm_select_plane) refers to canonical.o(.bss) for cm
    canonical.o(i.cm_select_unit_mode) refers to canonical.o(.bss) for cm
    canonical.o(i.cm_set_absolute_override) refers to canonical.o(.bss) for cm
    canonical.o(i.cm_set_axis_jerk) refers to canonical.o(.bss) for cm
    canonical.o(i.cm_set_coord_offsets) refers to canonical.o(.bss) for cm
    canonical.o(i.cm_set_coord_system) refers to canonical.o(.bss) for cm
    canonical.o(i.cm_set_feed_rate) refers to canonical.o(.bss) for cm
    canonical.o(i.cm_set_feed_rate_mode) refers to canonical.o(.bss) for cm
    canonical.o(i.cm_set_model_linenum) refers to canonical.o(.bss) for cm
    canonical.o(i.cm_set_model_target) refers to canonical.o(i.cm_get_active_coord_offset) for cm_get_active_coord_offset
    canonical.o(i.cm_set_model_target) refers to canonical.o(.bss) for cm
    canonical.o(i.cm_set_motion_state) refers to canonical.o(.bss) for cm
    canonical.o(i.cm_set_motion_state) refers to planner.o(.bss) for mr
    canonical.o(i.cm_set_origin_offsets) refers to canonical.o(.bss) for cm
    canonical.o(i.cm_set_position) refers to line_planner.o(i.mp_set_planner_position) for mp_set_planner_position
    canonical.o(i.cm_set_position) refers to line_planner.o(i.mp_set_runtime_position) for mp_set_runtime_position
    canonical.o(i.cm_set_position) refers to planner.o(i.mp_set_steps_to_runtime_position) for mp_set_steps_to_runtime_position
    canonical.o(i.cm_set_position) refers to canonical.o(.bss) for cm
    canonical.o(i.cm_set_work_offsets) refers to canonical.o(i.cm_get_active_coord_offset) for cm_get_active_coord_offset
    canonical.o(i.cm_soft_alarm) refers to canonical.o(.bss) for cm
    canonical.o(i.cm_straight_feed) refers to canonical.o(i.cm_set_model_target) for cm_set_model_target
    canonical.o(i.cm_straight_feed) refers to canonical.o(i.cm_set_work_offsets) for cm_set_work_offsets
    canonical.o(i.cm_straight_feed) refers to canonical.o(i.cm_cycle_start) for cm_cycle_start
    canonical.o(i.cm_straight_feed) refers to line_planner.o(i.mp_plan_line) for mp_plan_line
    canonical.o(i.cm_straight_feed) refers to canonical.o(i.cm_finalize_move) for cm_finalize_move
    canonical.o(i.cm_straight_feed) refers to debugging.o(.bss) for db
    canonical.o(i.cm_straight_feed) refers to canonical.o(.bss) for cm
    canonical.o(i.cm_straight_traverse) refers to canonical.o(i.cm_set_model_target) for cm_set_model_target
    canonical.o(i.cm_straight_traverse) refers to line_planner.o(i.mp_plan_line) for mp_plan_line
    canonical.o(i.cm_straight_traverse) refers to canonical.o(.bss) for cm
    canonical.o(i.cm_suspend_origin_offsets) refers to canonical.o(.bss) for cm
[...]
    $v0                                      0x00009128   Number         0  dmul.o(x$fpl$dmul)
    x$fpl$dnaninf                            0x0000927c   Section      156  dnaninf.o(x$fpl$dnaninf)
    $v0                                      0x0000927c   Number         0  dnaninf.o(x$fpl$dnaninf)
    x$fpl$dretinf                            0x00009318   Section       12  dretinf.o(x$fpl$dretinf)
    $v0                                      0x00009318   Number         0  dretinf.o(x$fpl$dretinf)
    x$fpl$drleqf                             0x00009324   Section      108  drleqf.o(x$fpl$drleqf)
    $v0                                      0x00009324   Number         0  drleqf.o(x$fpl$drleqf)
    x$fpl$dsub                               0x00009390   Section      468  daddsub_clz.o(x$fpl$dsub)
    $v0                                      0x00009390   Number         0  daddsub_clz.o(x$fpl$dsub)
    _dsub1                                   0x000093a1   Thumb Code     0  daddsub_clz.o(x$fpl$dsub)
    x$fpl$f2d                                0x00009564   Section       86  f2d.o(x$fpl$f2d)
    $v0                                      0x00009564   Number         0  f2d.o(x$fpl$f2d)
    x$fpl$fnaninf                            0x000095ba   Section      140  fnaninf.o(x$fpl$fnaninf)
    $v0                                      0x000095ba   Number         0  fnaninf.o(x$fpl$fnaninf)
    x$fpl$fpinit                             0x00009646   Section       10  fpinit.o(x$fpl$fpinit)
    $v0                                      0x00009646   Number         0  fpinit.o(x$fpl$fpinit)
    x$fpl$fretinf                            0x00009650   Section       10  fretinf.o(x$fpl$fretinf)
    $v0                                      0x00009650   Number         0  fretinf.o(x$fpl$fretinf)
    x$fpl$frnd                               0x0000965c   Section       96  frnd.o(x$fpl$frnd)
    $v0                                      0x0000965c   Number         0  frnd.o(x$fpl$frnd)
    x$fpl$retnan                             0x000096bc   Section      100  retnan.o(x$fpl$retnan)
    $v0                                      0x000096bc   Number         0  retnan.o(x$fpl$retnan)
    x$fpl$scalbn                             0x00009720   Section       92  scalbn.o(x$fpl$scalbn)
    $v0                                      0x00009720   Number         0  scalbn.o(x$fpl$scalbn)
    x$fpl$scanf1                             0x0000977c   Section        4  scanf1.o(x$fpl$scanf1)
    $v0                                      0x0000977c   Number         0  scanf1.o(x$fpl$scanf1)
    x$fpl$scanf2                             0x00009780   Section        8  scanf2.o(x$fpl$scanf2)
    $v0                                      0x00009780   Number         0  scanf2.o(x$fpl$scanf2)
    x$fpl$trapveneer                         0x00009788   Section       48  trapv.o(x$fpl$trapveneer)
    $v0                                      0x00009788   Number         0  trapv.o(x$fpl$trapveneer)
    .constdata                               0x000097b8   Section      144  cbrtf_fast.o(.constdata)
    x$fpl$usenofp                            0x000097b8   Section        0  usenofp.o(x$fpl$usenofp)
    cbrthi                                   0x000097b8   Data          48  cbrtf_fast.o(.constdata)
    cbrtlo                                   0x000097e8   Data          48  cbrtf_fast.o(.constdata)
    cbrtsp                                   0x00009818   Data          48  cbrtf_fast.o(.constdata)
    .constdata                               0x00009848   Section       32  rredf.o(.constdata)
    twooverpi                                0x00009848   Data          32  rredf.o(.constdata)
    .constdata                               0x00009868   Section      148  bigflt0.o(.constdata)
    tenpwrs_x                                0x00009868   Data          60  bigflt0.o(.constdata)
    tenpwrs_i                                0x000098a4   Data          64  bigflt0.o(.constdata)
    c$$dinf                                  0x0000991c   Section        8  fpconst.o(c$$dinf)
    locale$$data                             0x00009924   Section      272  lc_ctype_c.o(locale$$data)
    __lcctype_c_name                         0x00009928   Data           2  lc_ctype_c.o(locale$$data)
    __lcctype_c_start                        0x00009930   Data           0  lc_ctype_c.o(locale$$data)
    locale$$data                             0x00009a34   Section       28  lc_numeric_c.o(locale$$data)
    __lcctype_c_end                          0x00009a34   Data           0  lc_ctype_c.o(locale$$data)
    __lcnum_c_name                           0x00009a38   Data           2  lc_numeric_c.o(locale$$data)
    __lcnum_c_start                          0x00009a40   Data           0  lc_numeric_c.o(locale$$data)
    __lcnum_c_point                          0x00009a4c   Data           0  lc_numeric_c.o(locale$$data)
    __lcnum_c_thousands                      0x00009a4e   Data           0  lc_numeric_c.o(locale$$data)
    __lcnum_c_grouping                       0x00009a4f   Data           0  lc_numeric_c.o(locale$$data)
    __lcnum_c_end                            0x00009a50   Data           0  lc_numeric_c.o(locale$$data)
    .data                                    0x20000000   Section     5601  controller.o(.data)
    cs                                       0x20000000   Data           1  controller.o(.data)
    .bss                                     0x200015e4   Section      504  canonical.o(.bss)
    .bss                                     0x200017dc   Section       12  gcode_parser.o(.bss)
    .bss                                     0x200017e8   Section     9116  planner.o(.bss)
    .bss                                     0x20003b84   Section       20  loader.o(.bss)
    .bss                                     0x20003b98   Section      200  stepper.o(.bss)
    .bss                                     0x20003c60   Section       24  encoder.o(.bss)
    .bss                                     0x20003c78   Section      152  arc_planner.o(.bss)
    .bss                                     0x20003d10   Section      320  debugging.o(.bss)
    .bss                                     0x20003e50   Section      200  switch.o(.bss)
    .bss                                     0x20003f18   Section       52  cycle_homing.o(.bss)
    hm                                       0x20003f18   Data          52  cycle_homing.o(.bss)
    .bss                                     0x20003f4c   Section       60  cycle_probing.o(.bss)
    pb                                       0x20003f4c   Data          60  cycle_probing.o(.bss)
    .bss                                     0x20003f88   Section       96  libspace.o(.bss)
    HEAP                                     0x20003fe8   Section      512  startup_tm4c123.o(HEAP)
    Heap_Mem                                 0x20003fe8   Data         512  startup_tm4c123.o(HEAP)
    STACK                                    0x200041e8   Section     8192  startup_tm4c123.o(STACK)
    Stack_Mem                                0x200041e8   Data        8192  startup_tm4c123.o(STACK)
    __initial_sp                             0x200061e8   Data           0  startup_tm4c123.o(STACK)

    Global Symbols

    Symbol Name                              Value     Ov Type        Size  Object(Section)

    BuildAttributes$$THM_ISAv4$E$P$D$K$B$S$7EM$VFPi3$EXTD16$VFPS$VFMA$PE$A:L22UL41UL21$X:L11$S22US41US21$IEEE1$IW$USESV6$~STKCKD$USESV7$~SHL$OTIME$ROPI$IEEEX$EBA8$UX$STANDARDLIB$REQ8$PRES8$EABIv2 0x00000000   Number         0  anon$$obj.o ABSOLUTE
    __ARM_use_no_argv                        0x00000000   Number         0  main.o ABSOLUTE
    __Vectors                                0x00000000   Data           4  startup_tm4c123.o(RESET)
    __ARM_exceptions_init                     - Undefined Weak Reference
    __alloca_initialize                       - Undefined Weak Reference
    __arm_preinit_                            - Undefined Weak Reference
    __cpp_initialize__aeabi_                  - Undefined Weak Reference
    __cxa_finalize                            - Undefined Weak Reference
    __sigvec_lookup                           - Undefined Weak Reference
    _atexit_init                              - Undefined Weak Reference
    _call_atexit_fns                          - Undefined Weak Reference
    _clock_init                               - Undefined Weak Reference
    _fp_trap_init                             - Undefined Weak Reference
    _fp_trap_shutdown                         - Undefined Weak Reference
    _get_lc_collate                           - Undefined Weak Reference
    _get_lc_monetary                          - Undefined Weak Reference
    _get_lc_time                              - Undefined Weak Reference
    _getenv_init                              - Undefined Weak Reference
    _handle_redirection                       - Undefined Weak Reference
    _init_alloc                               - Undefined Weak Reference
    _init_user_alloc                          - Undefined Weak Reference
    _initio                                   - Undefined Weak Reference
    _rand_init                                - Undefined Weak Reference
    _signal_finish                            - Undefined Weak Reference
    _signal_init                              - Undefined Weak Reference
    _terminate_alloc                          - Undefined Weak Reference
    _terminate_user_alloc                     - Undefined Weak Reference
    _terminateio                              - Undefined Weak Reference
    __Vectors_End                            0x0000026c   Data           0  startup_tm4c123.o(RESET)
    __Vectors_Size                           0x0000026c   Number         0  startup_tm4c123.o ABSOLUTE
    __main                                   0x0000026d   Thumb Code     8  __main.o(!!!main)
    __scatterload                            0x00000275   Thumb Code     0  __scatter.o(!!!scatter)
    __scatterload_rt2                        0x00000275   Thumb Code    44  __scatter.o(!!!scatter)
    __scatterload_rt2_thumb_only             0x00000275   Thumb Code     0  __scatter.o(!!!scatter)
    __scatterload_null                       0x00000283   Thumb Code     0  __scatter.o(!!!scatter)
    __decompress                             0x000002a9   Thumb Code    90  __dczerorl2.o(!!dczerorl2)
    __decompress1                            0x000002a9   Thumb Code     0  __dczerorl2.o(!!dczerorl2)
    __scatterload_zeroinit                   0x00000305   Thumb Code    28  __scatter_zi.o(!!handler_zi)
    __rt_lib_init                            0x00000321   Thumb Code     0  libinit.o(.ARM.Collect$$libinit$$00000000)
    __rt_lib_init_fp_1                       0x00000323   Thumb Code     0  libinit2.o(.ARM.Collect$$libinit$$00000001)
    __rt_lib_init_heap_1                     0x00000327   Thumb Code     0  libinit2.o(.ARM.Collect$$libinit$$0000000A)
    __rt_lib_init_lc_common                  0x00000327   Thumb Code     0  libinit2.o(.ARM.Collect$$libinit$$0000000F)
    __rt_lib_init_preinit_1                  0x00000327   Thumb Code     0  libinit2.o(.ARM.Collect$$libinit$$00000004)
    __rt_lib_init_rand_1                     0x00000327   Thumb Code     0  libinit2.o(.ARM.Collect$$libinit$$0000000E)
    __rt_lib_init_user_alloc_1               0x00000327   Thumb Code     0  libinit2.o(.ARM.Collect$$libinit$$0000000C)
    __rt_lib_init_lc_collate_1               0x0000032d   Thumb Code     0  libinit2.o(.ARM.Collect$$libinit$$00000011)
    __rt_lib_init_lc_ctype_2                 0x0000032d   Thumb Code     0  libinit2.o(.ARM.Collect$$libinit$$00000012)
    __rt_lib_init_lc_ctype_1                 0x00000339   Thumb Code     0  libinit2.o(.ARM.Collect$$libinit$$00000013)
    __rt_lib_init_lc_monetary_1              0x00000339   Thumb Code     0  libinit2.o(.ARM.Collect$$libinit$$00000015)
    __rt_lib_init_lc_numeric_2               0x00000339   Thumb Code     0  libinit2.o(.ARM.Collect$$libinit$$00000016)
    __rt_lib_init_alloca_1                   0x00000343   Thumb Code     0  libinit2.o(.ARM.Collect$$libinit$$0000002E)
    __rt_lib_init_argv_1                     0x00000343   Thumb Code     0  libinit2.o(.ARM.Collect$$libinit$$0000002C)
    __rt_lib_init_atexit_1                   0x00000343   Thumb Code     0  libinit2.o(.ARM.Collect$$libinit$$0000001B)
    __rt_lib_init_clock_1                    0x00000343   Thumb Code     0  libinit2.o(.ARM.Collect$$libinit$$00000021)
    __rt_lib_init_cpp_1                      0x00000343   Thumb Code     0  libinit2.o(.ARM.Collect$$libinit$$00000032)
    __rt_lib_init_exceptions_1               0x00000343   Thumb Code     0  libinit2.o(.ARM.Collect$$libinit$$00000030)
    __rt_lib_init_fp_trap_1                  0x00000343   Thumb Code     0  libinit2.o(.ARM.Collect$$libinit$$0000001F)
    __rt_lib_init_getenv_1                   0x00000343   Thumb Code     0  libinit2.o(.ARM.Collect$$libinit$$00000023)
    __rt_lib_init_lc_numeric_1               0x00000343   Thumb Code     0  libinit2.o(.ARM.Collect$$libinit$$00000017)
    __rt_lib_init_lc_time_1                  0x00000343   Thumb Code     0  libinit2.o(.ARM.Collect$$libinit$$00000019)
    __rt_lib_init_return                     0x00000343   Thumb Code     0  libinit2.o(.ARM.Collect$$libinit$$00000033)
    __rt_lib_init_signal_1                   0x00000343   Thumb Code     0  libinit2.o(.ARM.Collect$$libinit$$0000001D)
    __rt_lib_init_stdio_1                    0x00000343   Thumb Code     0  libinit2.o(.ARM.Collect$$libinit$$00000025)
    __rt_lib_shutdown                        0x00000345   Thumb Code     0  libshutdown.o(.ARM.Collect$$libshutdown$$00000000)
    __rt_lib_shutdown_cpp_1                  0x00000347   Thumb Code     0  libshutdown2.o(.ARM.Collect$$libshutdown$$00000002)
    __rt_lib_shutdown_fp_trap_1              0x00000347   Thumb Code     0  libshutdown2.o(.ARM.Collect$$libshutdown$$00000007)
    __rt_lib_shutdown_heap_1                 0x00000347   Thumb Code     0  libshutdown2.o(.ARM.Collect$$libshutdown$$0000000F)
    __rt_lib_shutdown_return                 0x00000347   Thumb Code     0  libshutdown2.o(.ARM.Collect$$libshutdown$$00000010)
    __rt_lib_shutdown_signal_1               0x00000347   Thumb Code     0  libshutdown2.o(.ARM.Collect$$libshutdown$$0000000A)
    __rt_lib_shutdown_stdio_1                0x00000347   Thumb Code     0  libshutdown2.o(.ARM.Collect$$libshutdown$$00000004)
    __rt_lib_shutdown_user_alloc_1           0x00000347   Thumb Code     0  libshutdown2.o(.ARM.Collect$$libshutdown$$0000000C)
    __rt_entry                               0x00000349   Thumb Code     0  __rtentry.o(.ARM.Collect$$rtentry$$00000000)
    __rt_entry_presh_1                       0x00000349   Thumb Code     0  __rtentry2.o(.ARM.Collect$$rtentry$$00000002)
    __rt_entry_sh                            0x00000349   Thumb Code     0  __rtentry4.o(.ARM.Collect$$rtentry$$00000004)
    __rt_entry_li                            0x0000034f   Thumb Code     0  __rtentry2.o(.ARM.Collect$$rtentry$$0000000A)
    __rt_entry_postsh_1                      0x0000034f   Thumb Code     0  __rtentry2.o(.ARM.Collect$$rtentry$$00000009)
    __rt_entry_main                          0x00000353   Thumb Code     0  __rtentry2.o(.ARM.Collect$$rtentry$$0000000D)
    __rt_entry_postli_1                      0x00000353   Thumb Code     0  __rtentry2.o(.ARM.Collect$$rtentry$$0000000C)
    __rt_exit                                0x0000035b   Thumb Code     0  rtexit.o(.ARM.Collect$$rtexit$$00000000)
    __rt_exit_ls                             0x0000035d   Thumb Code     0  rtexit2.o(.ARM.Collect$$rtexit$$00000003)
    __rt_exit_prels_1                        0x0000035d   Thumb Code     0  rtexit2.o(.ARM.Collect$$rtexit$$00000002)
    __rt_exit_exit                           0x00000361   Thumb Code     0  rtexit2.o(.ARM.Collect$$rtexit$$00000004)
    Reset_Handler                            0x00000369   Thumb Code     8  startup_tm4c123.o(.text)
    NMI_Handler                              0x00000371   Thumb Code     2  startup_tm4c123.o(.text)
    HardFault_Handler                        0x00000373   Thumb Code     2  startup_tm4c123.o(.text)
    MemManage_Handler                        0x00000375   Thumb Code     2  startup_tm4c123.o(.text)
    BusFault_Handler                         0x00000377   Thumb Code     2  startup_tm4c123.o(.text)
    UsageFault_Handler                       0x00000379   Thumb Code     2  startup_tm4c123.o(.text)
    SVC_Handler                              0x0000037b   Thumb Code     2  startup_tm4c123.o(.text)
    DebugMon_Handler                         0x0000037d   Thumb Code     2  startup_tm4c123.o(.text)
    PendSV_Handler                           0x0000037f   Thumb Code     2  startup_tm4c123.o(.text)
    SysTick_Handler                          0x00000381   Thumb Code     2  startup_tm4c123.o(.text)
    GPIOA_Handler                            0x00000383   Thumb Code     2  startup_tm4c123.o(.text)
    GPIOB_Handler                            0x00000385   Thumb Code     2  startup_tm4c123.o(.text)
    GPIOC_Handler                            0x00000387   Thumb Code     2  startup_tm4c123.o(.text)
    GPIOD_Handler                            0x00000389   Thumb Code     2  startup_tm4c123.o(.text)
    UART0_Handler                            0x0000038d   Thumb Code     2  startup_tm4c123.o(.text)
    UART1_Handler                            0x0000038f   Thumb Code     2  startup_tm4c123.o(.text)
    SSI0_Handler                             0x00000391   Thumb Code     2  startup_tm4c123.o(.text)
    I2C0_Handler                             0x00000393   Thumb Code     2  startup_tm4c123.o(.text)
    PMW0_FAULT_Handler                       0x00000395   Thumb Code     2  startup_tm4c123.o(.text)
    PWM0_0_Handler                           0x00000397   Thumb Code     2  startup_tm4c123.o(.text)
    PWM0_1_Handler                           0x00000399   Thumb Code     2  startup_tm4c123.o(.text)
    PWM0_2_Handler                           0x0000039b   Thumb Code     2  startup_tm4c123.o(.text)
    QEI0_Handler                             0x0000039d   Thumb Code     2  startup_tm4c123.o(.text)
    ADC0SS0_Handler                          0x0000039f   Thumb Code     2  startup_tm4c123.o(.text)
    ADC0SS1_Handler                          0x000003a1   Thumb Code     2  startup_tm4c123.o(.text)
    ADC0SS2_Handler                          0x000003a3   Thumb Code     2  startup_tm4c123.o(.text)
    ADC0SS3_Handler                          0x000003a5   Thumb Code     2  startup_tm4c123.o(.text)
    WDT0_Handler                             0x000003a7   Thumb Code     2  startup_tm4c123.o(.text)
    TIMER0A_Handler                          0x000003a9   Thumb Code     2  startup_tm4c123.o(.text)
    TIMER0B_Handler                          0x000003ab   Thumb Code     2  startup_tm4c123.o(.text)
    TIMER1A_Handler                          0x000003ad   Thumb Code     2  startup_tm4c123.o(.text)
    TIMER1B_Handler                          0x000003af   Thumb Code     2  startup_tm4c123.o(.text)
    TIMER2A_Handler                          0x000003b1   Thumb Code     2  startup_tm4c123.o(.text)
    TIMER2B_Handler                          0x000003b3   Thumb Code     2  startup_tm4c123.o(.text)
    COMP0_Handler                            0x000003b5   Thumb Code     2  startup_tm4c123.o(.text)
    COMP1_Handler                            0x000003b7   Thumb Code     2  startup_tm4c123.o(.text)
    COMP2_Handler                            0x000003b9   Thumb Code     2  startup_tm4c123.o(.text)
    SYSCTL_Handler                           0x000003bb   Thumb Code     2  startup_tm4c123.o(.text)
    FLASH_Handler                            0x000003bd   Thumb Code     2  startup_tm4c123.o(.text)
    GPIOG_Handler                            0x000003c1   Thumb Code     2  startup_tm4c123.o(.text)
    GPIOH_Handler                            0x000003c3   Thumb Code     2  startup_tm4c123.o(.text)
    UART2_Handler                            0x000003c5   Thumb Code     2  startup_tm4c123.o(.text)
    SSI1_Handler                             0x000003c7   Thumb Code     2  startup_tm4c123.o(.text)
    TIMER3A_Handler                          0x000003c9   Thumb Code     2  startup_tm4c123.o(.text)
    TIMER3B_Handler                          0x000003cb   Thumb Code     2  startup_tm4c123.o(.text)
    I2C1_Handler                             0x000003cd   Thumb Code     2  startup_tm4c123.o(.text)
    QEI1_Handler                             0x000003cf   Thumb Code     2  startup_tm4c123.o(.text)
    CAN0_Handler                             0x000003d1   Thumb Code     2  startup_tm4c123.o(.text)
    CAN1_Handler                             0x000003d3   Thumb Code     2  startup_tm4c123.o(.text)
    CAN2_Handler                             0x000003d5   Thumb Code     2  startup_tm4c123.o(.text)
    HIB_Handler                              0x000003d7   Thumb Code     2  startup_tm4c123.o(.text)
    USB0_Handler                             0x000003d9   Thumb Code     2  startup_tm4c123.o(.text)
    PWM0_3_Handler                           0x000003db   Thumb Code     2  startup_tm4c123.o(.text)
    UDMA_Handler                             0x000003dd   Thumb Code     2  startup_tm4c123.o(.text)
    UDMAERR_Handler                          0x000003df   Thumb Code     2  startup_tm4c123.o(.text)
    ADC1SS0_Handler                          0x000003e1   Thumb Code     2  startup_tm4c123.o(.text)
    ADC1SS1_Handler                          0x000003e3   Thumb Code     2  startup_tm4c123.o(.text)
    ADC1SS2_Handler                          0x000003e5   Thumb Code     2  startup_tm4c123.o(.text)
    ADC1SS3_Handler                          0x000003e7   Thumb Code     2  startup_tm4c123.o(.text)
    GPIOJ_Handler                            0x000003e9   Thumb Code     2  startup_tm4c123.o(.text)
    GPIOK_Handler                            0x000003eb   Thumb Code     2  startup_tm4c123.o(.text)
    GPIOL_Handler                            0x000003ed   Thumb Code     2  startup_tm4c123.o(.text)
    SSI2_Handler                             0x000003ef   Thumb Code     2  startup_tm4c123.o(.text)
    SSI3_Handler                             0x000003f1   Thumb Code     2  startup_tm4c123.o(.text)
    UART3_Handler                            0x000003f3   Thumb Code     2  startup_tm4c123.o(.text)
    UART4_Handler                            0x000003f5   Thumb Code     2  startup_tm4c123.o(.text)
    UART5_Handler                            0x000003f7   Thumb Code     2  startup_tm4c123.o(.text)
    UART6_Handler                            0x000003f9   Thumb Code     2  startup_tm4c123.o(.text)
    UART7_Handler                            0x000003fb   Thumb Code     2  startup_tm4c123.o(.text)
    I2C2_Handler                             0x000003fd   Thumb Code     2  startup_tm4c123.o(.text)
    I2C3_Handler                             0x000003ff   Thumb Code     2  startup_tm4c123.o(.text)
    TIMER4A_Handler                          0x00000401   Thumb Code     2  startup_tm4c123.o(.text)
    TIMER4B_Handler                          0x00000403   Thumb Code     2  startup_tm4c123.o(.text)
    WTIMER0A_Handler                         0x00000409   Thumb Code     2  startup_tm4c123.o(.text)
    WTIMER0B_Handler                         0x0000040b   Thumb Code     2  startup_tm4c123.o(.text)
    WTIMER1A_Handler                         0x0000040d   Thumb Code     2  startup_tm4c123.o(.text)
    WTIMER1B_Handler                         0x0000040f   Thumb Code     2  startup_tm4c123.o(.text)
    WTIMER2A_Handler                         0x00000411   Thumb Code     2  startup_tm4c123.o(.text)
    WTIMER2B_Handler                         0x00000413   Thumb Code     2  startup_tm4c123.o(.text)
    WTIMER3A_Handler                         0x00000415   Thumb Code     2  startup_tm4c123.o(.text)
    WTIMER3B_Handler                         0x00000417   Thumb Code     2  startup_tm4c123.o(.text)
    WTIMER4A_Handler                         0x00000419   Thumb Code     2  startup_tm4c123.o(.text)
    WTIMER4B_Handler                         0x0000041b   Thumb Code     2  startup_tm4c123.o(.text)
    WTIMER5B_Handler                         0x0000041f   Thumb Code     2  startup_tm4c123.o(.text)
    FPU_Handler                              0x00000421   Thumb Code     2  startup_tm4c123.o(.text)
    I2C4_Handler                             0x00000423   Thumb Code     2  startup_tm4c123.o(.text)
    I2C5_Handler                             0x00000425   Thumb Code     2  startup_tm4c123.o(.text)
    GPIOM_Handler                            0x00000427   Thumb Code     2  startup_tm4c123.o(.text)
    GPION_Handler                            0x00000429   Thumb Code     2  startup_tm4c123.o(.text)
    QEI2_Handler                             0x0000042b   Thumb Code     2  startup_tm4c123.o(.text)
    GPIOP0_Handler                           0x0000042d   Thumb Code     2  startup_tm4c123.o(.text)
    GPIOP1_Handler                           0x0000042f   Thumb Code     2  startup_tm4c123.o(.text)
    GPIOP2_Handler                           0x00000431   Thumb Code     2  startup_tm4c123.o(.text)
    GPIOP3_Handler                           0x00000433   Thumb Code     2  startup_tm4c123.o(.text)
    GPIOP4_Handler                           0x00000435   Thumb Code     2  startup_tm4c123.o(.text)
    GPIOP5_Handler                           0x00000437   Thumb Code     2  startup_tm4c123.o(.text)
    GPIOP6_Handler                           0x00000439   Thumb Code     2  startup_tm4c123.o(.text)
    GPIOP7_Handler                           0x0000043b   Thumb Code     2  startup_tm4c123.o(.text)
    GPIOQ0_Handler                           0x0000043d   Thumb Code     2  startup_tm4c123.o(.text)
    GPIOQ1_Handler                           0x0000043f   Thumb Code     2  startup_tm4c123.o(.text)
    GPIOQ2_Handler                           0x00000441   Thumb Code     2  startup_tm4c123.o(.text)
    GPIOQ3_Handler                           0x00000443   Thumb Code     2  startup_tm4c123.o(.text)
    GPIOQ4_Handler                           0x00000445   Thumb Code     2  startup_tm4c123.o(.text)
    GPIOQ5_Handler                           0x00000447   Thumb Code     2  startup_tm4c123.o(.text)
    GPIOQ6_Handler                           0x00000449   Thumb Code     2  startup_tm4c123.o(.text)
    GPIOQ7_Handler                           0x0000044b   Thumb Code     2  startup_tm4c123.o(.text)
    GPIOR_Handler                            0x0000044d   Thumb Code     2  startup_tm4c123.o(.text)
    GPIOS_Handler                            0x0000044f   Thumb Code     2  startup_tm4c123.o(.text)
    PMW1_0_Handler                           0x00000451   Thumb Code     2  startup_tm4c123.o(.text)
    PWM1_1_Handler                           0x00000453   Thumb Code     2  startup_tm4c123.o(.text)
    PWM1_2_Handler                           0x00000455   Thumb Code     2  startup_tm4c123.o(.text)
    PWM1_3_Handler                           0x00000457   Thumb Code     2  startup_tm4c123.o(.text)
    PWM1_FAULT_Handler                       0x00000459   Thumb Code     2  startup_tm4c123.o(.text)
    DisableInterrupts                        0x0000045d   Thumb Code     0  startup_tm4c123.o(.text)
    EnableInterrupts                         0x00000461   Thumb Code     0  startup_tm4c123.o(.text)
    StartCritical                            0x00000465   Thumb Code     0  startup_tm4c123.o(.text)
    EndCritical                              0x0000046d   Thumb Code     0  startup_tm4c123.o(.text)
    WaitForInterrupt                         0x00000473   Thumb Code     0  startup_tm4c123.o(.text)
    __user_initial_stackheap                 0x00000477   Thumb Code     0  startup_tm4c123.o(.text)
    __rt_ctype_table                         0x00000499   Thumb Code    16  rt_ctype_table.o(.text)
    toupper                                  0x000004a9   Thumb Code    30  toupper.o(.text)
    strchr                                   0x000004c7   Thumb Code    20  strchr.o(.text)
    __aeabi_memcpy4                          0x000004db   Thumb Code     0  rt_memcpy_w.o(.text)
    __aeabi_memcpy8                          0x000004db   Thumb Code     0  rt_memcpy_w.o(.text)
    __rt_memcpy_w                            0x000004db   Thumb Code   100  rt_memcpy_w.o(.text)
    _memcpy_lastbytes_aligned                0x00000523   Thumb Code     0  rt_memcpy_w.o(.text)
    __aeabi_memclr4                          0x0000053f   Thumb Code     0  rt_memclr_w.o(.text)
    __aeabi_memclr8                          0x0000053f   Thumb Code     0  rt_memclr_w.o(.text)
    __rt_memclr_w                            0x0000053f   Thumb Code    78  rt_memclr_w.o(.text)
    _memset_w                                0x00000543   Thumb Code     0  rt_memclr_w.o(.text)
    __use_two_region_memory                  0x0000058d   Thumb Code     2  heapauxi.o(.text)
    __rt_heap_escrow$2region                 0x0000058f   Thumb Code     2  heapauxi.o(.text)
    __rt_heap_expand$2region                 0x00000591   Thumb Code     2  heapauxi.o(.text)
    __rt_locale                              0x00000595   Thumb Code     8  rt_locale_intlibspace.o(.text)
    __read_errno                             0x0000059d   Thumb Code    10  _rserrno.o(.text)
    __set_errno                              0x000005a7   Thumb Code    12  _rserrno.o(.text)
    __strtod_int                             0x000005f1   Thumb Code    90  strtod.o(.text)
    __user_libspace                          0x00000659   Thumb Code     8  libspace.o(.text)
    __user_perproc_libspace                  0x00000659   Thumb Code     0  libspace.o(.text)
    __user_perthread_libspace                0x00000659   Thumb Code     0  libspace.o(.text)
    __aeabi_errno_addr                       0x00000661   Thumb Code     8  rt_errno_addr_intlibspace.o(.text)
    __errno$intlibspace                      0x00000661   Thumb Code     0  rt_errno_addr_intlibspace.o(.text)
    __rt_errno_addr$intlibspace              0x00000661   Thumb Code     0  rt_errno_addr_intlibspace.o(.text)
    isspace                                  0x00000669   Thumb Code    18  isspace.o(.text)
    _sgetc                                   0x0000067b   Thumb Code    30  _sgetc.o(.text)
    _sbackspace                              0x00000699   Thumb Code    34  _sgetc.o(.text)
    strcmp                                   0x000006bd   Thumb Code   128  strcmpv7m.o(.text)
    __user_setup_stackheap                   0x0000073d   Thumb Code    74  sys_stackheap_outer.o(.text)
    _scanf_really_real                       0x00000985   Thumb Code   668  scanf_fp.o(.text)
    exit                                     0x00000c2d   Thumb Code    18  exit.o(.text)
    _btod_etento                             0x00000c41   Thumb Code   216  bigflt0.o(.text)
    _scanf_really_hex_real                   0x00000d1d   Thumb Code   786  scanf_hexfp.o(.text)
    _scanf_really_infnan                     0x0000103d   Thumb Code   292  scanf_infnan.o(.text)
    _sys_exit                                0x00001171   Thumb Code     8  sys_exit.o(.text)
    __I$use$semihosting                      0x0000117d   Thumb Code     0  use_no_semi.o(.text)
    __use_no_semihosting_swi                 0x0000117d   Thumb Code     2  use_no_semi.o(.text)
    __aeabi_llsl                             0x0000117f   Thumb Code     0  llshl.o(.text)
    __semihosting_library_function           0x0000117f   Thumb Code     0  indicate_semi.o(.text)
    _ll_shift_l                              0x0000117f   Thumb Code    38  llshl.o(.text)
    _chval                                   0x000011a5   Thumb Code    28  _chval.o(.text)
    __btod_div_common                        0x000011c1   Thumb Code   696  btod.o(CL$$btod_div_common)
    _e2d                                     0x000014f9   Thumb Code    80  btod.o(CL$$btod_e2d)
    _e2e                                     0x0000154d   Thumb Code   198  btod.o(CL$$btod_e2e)
    _btod_ediv                               0x00001613   Thumb Code    40  btod.o(CL$$btod_ediv)
    _btod_edivd                              0x0000163b   Thumb Code    40  btod.o(CL$$btod_edivd)
    _btod_emul                               0x00001663   Thumb Code    40  btod.o(CL$$btod_emul)
    _btod_emuld                              0x0000168b   Thumb Code    40  btod.o(CL$$btod_emuld)
    __btod_mult_common                       0x000016b3   Thumb Code   580  btod.o(CL$$btod_mult_common)
    FPU_Enable                               0x000018f9   Thumb Code    14  main.o(i.FPU_Enable)
    GPIOE_Handler                            0x0000190d   Thumb Code   116  switch.o(i.GPIOE_Handler)
    GPIOF_Handler                            0x0000198d   Thumb Code   118  switch.o(i.GPIOF_Handler)
    PLL_Init                                 0x00001a11   Thumb Code   120  pll.o(i.PLL_Init)
    SysTick_Init                             0x00001a8d   Thumb Code    24  systick.o(i.SysTick_Init)
    SystemInit                               0x00001aa5   Thumb Code     8  main.o(i.SystemInit)
    TIMER5A_Handler                          0x00001aad   Thumb Code    46  loader.o(i.TIMER5A_Handler)
    TIMER5B_Handler                          0x00001ae5   Thumb Code    26  loader.o(i.TIMER5B_Handler)
    WTIMER5A_Handler                         0x00001b09   Thumb Code   952  stepper.o(i.WTIMER5A_Handler)
    __ARM_fpclassifyf                        0x00001ee1   Thumb Code    38  fpclassifyf.o(i.__ARM_fpclassifyf)
    __hardfp_atan2f                          0x00001f09   Thumb Code   502  atan2f.o(i.__hardfp_atan2f)
    __hardfp_cbrtf                           0x00002159   Thumb Code   218  cbrtf_fast.o(i.__hardfp_cbrtf)
    __hardfp_ceilf                           0x00002255   Thumb Code    98  ceilf.o(i.__hardfp_ceilf)
    __mathlib_ceilf                          0x00002255   Thumb Code     0  ceilf.o(i.__hardfp_ceilf)
    __hardfp_cosf                            0x000022c1   Thumb Code   280  cosf.o(i.__hardfp_cosf)
    __hardfp_fabs                            0x00002411   Thumb Code    20  fabs.o(i.__hardfp_fabs)
    __hardfp_floorf                          0x00002425   Thumb Code    98  floorf.o(i.__hardfp_floorf)
    __hardfp_hypotf                          0x00002495   Thumb Code   438  hypotf.o(i.__hardfp_hypotf)
    __hardfp_ldexp                           0x00002659   Thumb Code   200  ldexp.o(i.__hardfp_ldexp)
    __hardfp_roundf                          0x00002729   Thumb Code   154  roundf.o(i.__hardfp_roundf)
    __hardfp_sinf                            0x000027c5   Thumb Code   344  sinf.o(i.__hardfp_sinf)
    __hardfp_sqrtf                           0x00002955   Thumb Code    58  sqrtf.o(i.__hardfp_sqrtf)
    __hardfp_strtof                          0x00002991   Thumb Code    42  strtof.o(i.__hardfp_strtof)
    __hardfp_truncf                          0x000029c9   Thumb Code    92  truncf.o(i.__hardfp_truncf)
    __mathlib_dbl_overflow                   0x00002a29   Thumb Code    24  dunder.o(i.__mathlib_dbl_overflow)
    __mathlib_dbl_underflow                  0x00002a49   Thumb Code    24  dunder.o(i.__mathlib_dbl_underflow)
    __mathlib_flt_infnan                     0x00002a69   Thumb Code     6  funder.o(i.__mathlib_flt_infnan)
    __mathlib_flt_infnan2                    0x00002a6f   Thumb Code     6  funder.o(i.__mathlib_flt_infnan2)
    __mathlib_flt_invalid                    0x00002a75   Thumb Code    10  funder.o(i.__mathlib_flt_invalid)
    __mathlib_flt_overflow                   0x00002a85   Thumb Code    10  funder.o(i.__mathlib_flt_overflow)
    __mathlib_flt_underflow                  0x00002a95   Thumb Code    10  funder.o(i.__mathlib_flt_underflow)
    __mathlib_narrow                         0x00002aa9   Thumb Code   166  narrow.o(i.__mathlib_narrow)
    __mathlib_rredf2                         0x00002b61   Thumb Code   316  rredf.o(i.__mathlib_rredf2)
    __support_ldexp                          0x00002cb5   Thumb Code    20  ldexp.o(i.__support_ldexp)
    _get_initial_state                       0x00003da9   Thumb Code   154  switch.o(i._get_initial_state)
    _is_digit                                0x000047e5   Thumb Code    14  scanf_fp.o(i._is_digit)
    _set_pb_function                         0x0000575d   Thumb Code    10  cycle_probing.o(i._set_pb_function)
    canonical_init                           0x0000578d   Thumb Code    94  canonical.o(i.canonical_init)
    cm_abort_arc                             0x000057f5   Thumb Code     8  arc_planner.o(i.cm_abort_arc)
    cm_arc_callback                          0x00005801   Thumb Code   214  arc_planner.o(i.cm_arc_callback)
    cm_arc_feed                              0x000058dd   Thumb Code  1540  arc_planner.o(i.cm_arc_feed)
    cm_cycle_homing_start                    0x00005eed   Thumb Code   140  cycle_homing.o(i.cm_cycle_homing_start)
    cm_cycle_start                           0x00005f85   Thumb Code    24  canonical.o(i.cm_cycle_start)
    cm_finalize_move                         0x00005fa1   Thumb Code    48  canonical.o(i.cm_finalize_move)
    cm_get_absolute_position                 0x00005fd9   Thumb Code    32  canonical.o(i.cm_get_absolute_position)
    cm_get_active_coord_offset               0x00005ffd   Thumb Code    92  canonical.o(i.cm_get_active_coord_offset)
    cm_get_axis_jerk                         0x00006061   Thumb Code    16  canonical.o(i.cm_get_axis_jerk)
    cm_get_coordinate_system                 0x00006075   Thumb Code     8  canonical.o(i.cm_get_coordinate_system)
    cm_get_distance_mode                     0x0000607d   Thumb Code     8  canonical.o(i.cm_get_distance_mode)
    cm_get_feedrate                          0x00006085   Thumb Code    18  canonical.o(i.cm_get_feedrate)
    cm_get_feedrate_mode                     0x00006097   Thumb Code     8  canonical.o(i.cm_get_feedrate_mode)
    cm_get_machine_state                     0x000060a1   Thumb Code     8  canonical.o(i.cm_get_machine_state)
    cm_get_motion_mode                       0x000060ad   Thumb Code     8  canonical.o(i.cm_get_motion_mode)
    cm_get_runtime_busy                      0x000060b5   Thumb Code     8  canonical.o(i.cm_get_runtime_busy)
    cm_get_units_mode                        0x000060bd   Thumb Code     8  canonical.o(i.cm_get_units_mode)
    cm_hard_alarm                            0x000060c5   Thumb Code    20  canonical.o(i.cm_hard_alarm)
    cm_homing_callback                       0x000060dd   Thumb Code    40  cycle_homing.o(i.cm_homing_callback)
    cm_request_cycle_start                   0x0000610d   Thumb Code    10  canonical.o(i.cm_request_cycle_start)
    cm_reset_origin_offsets                  0x0000611d   Thumb Code    40  canonical.o(i.cm_reset_origin_offsets)
    cm_resume_origin_offsets                 0x0000614d   Thumb Code    12  canonical.o(i.cm_resume_origin_offsets)
    cm_select_distance_mode                  0x0000615d   Thumb Code    12  canonical.o(i.cm_select_distance_mode)
    cm_select_path_control                   0x0000616d   Thumb Code    12  canonical.o(i.cm_select_path_control)
    cm_select_plane                          0x0000617d   Thumb Code    12  canonical.o(i.cm_select_plane)
    cm_select_unit_mode                      0x0000618d   Thumb Code    12  canonical.o(i.cm_select_unit_mode)
    cm_set_absolute_override                 0x0000619d   Thumb Code     8  canonical.o(i.cm_set_absolute_override)
    cm_set_axis_jerk                         0x000061a9   Thumb Code    44  canonical.o(i.cm_set_axis_jerk)
    cm_set_coord_offsets                     0x000061dd   Thumb Code   102  canonical.o(i.cm_set_coord_offsets)
    cm_set_coord_system                      0x0000624d   Thumb Code    12  canonical.o(i.cm_set_coord_system)
    cm_set_feed_rate                         0x0000625d   Thumb Code    60  canonical.o(i.cm_set_feed_rate)
    cm_set_feed_rate_mode                    0x000062a1   Thumb Code    12  canonical.o(i.cm_set_feed_rate_mode)
    cm_set_model_linenum                     0x000062b1   Thumb Code     8  canonical.o(i.cm_set_model_linenum)
    cm_set_model_target                      0x000062bd   Thumb Code   168  canonical.o(i.cm_set_model_target)
    cm_set_motion_mode                       0x00006371   Thumb Code     6  canonical.o(i.cm_set_motion_mode)
    cm_set_motion_state                      0x00006379   Thumb Code    52  canonical.o(i.cm_set_motion_state)
    cm_set_origin_offsets                    0x000063b9   Thumb Code   136  canonical.o(i.cm_set_origin_offsets)
    cm_set_position                          0x00006449   Thumb Code    64  canonical.o(i.cm_set_position)
    cm_set_work_offsets                      0x0000648d   Thumb Code    36  canonical.o(i.cm_set_work_offsets)
    cm_straight_feed                         0x000064b1   Thumb Code   288  canonical.o(i.cm_straight_feed)
    cm_straight_probe                        0x000065e5   Thumb Code   170  cycle_probing.o(i.cm_straight_probe)
    cm_straight_traverse                     0x000066a5   Thumb Code    48  canonical.o(i.cm_straight_traverse)
    cm_suspend_origin_offsets                0x000066dd   Thumb Code    10  canonical.o(i.cm_suspend_origin_offsets)
    controller_run                           0x000066ed   Thumb Code     8  controller.o(i.controller_run)
    db_init                                  0x000066f5   Thumb Code    88  debugging.o(i.db_init)
    en_set_encoder_steps                     0x000068a9   Thumb Code    40  encoder.o(i.en_set_encoder_steps)
    encoder_init                             0x000068d5   Thumb Code    12  encoder.o(i.encoder_init)
    fp_Equal                                 0x00006959   Thumb Code   138  util.o(i.fp_Equal)
    frexp                                    0x000069e9   Thumb Code   118  frexp.o(i.frexp)
    gc_gcode_parser                          0x00006a75   Thumb Code    82  gcode_parser.o(i.gc_gcode_parser)
    get_limit_switchs_thrown                 0x00006ad5   Thumb Code     6  switch.o(i.get_limit_switchs_thrown)
    get_probe_state                          0x00006ae1   Thumb Code     8  switch.o(i.get_probe_state)
    get_switch_mode                          0x00006aed   Thumb Code    24  switch.o(i.get_switch_mode)
    get_switch_state                         0x00006b09   Thumb Code    22  switch.o(i.get_switch_state)
    get_vector_length                        0x00006b25   Thumb Code    96  util.o(i.get_vector_length)
    ld_init                                  0x00006b85   Thumb Code    28  loader.o(i.ld_init)
    ld_request_exe                           0x00006bb5   Thumb Code    22  loader.o(i.ld_request_exe)
    ld_request_load                          0x00006bd5   Thumb Code    40  loader.o(i.ld_request_load)
    main                                     0x00006e01   Thumb Code   378  main.o(i.main)
    mp_clear_buffer                          0x00006fb1   Thumb Code    22  planner.o(i.mp_clear_buffer)
    mp_exec_line                             0x00006fc9   Thumb Code   804  plan_exec.o(i.mp_exec_line)
    mp_exec_move                             0x000072f5   Thumb Code    28  plan_exec.o(i.mp_exec_move)
    mp_flush_planner                         0x00007315   Thumb Code    18  planner.o(i.mp_flush_planner)
    mp_free_run_buffer                       0x00007329   Thumb Code    64  planner.o(i.mp_free_run_buffer)
    mp_get_assymetric_velocity               0x0000736d   Thumb Code   462  profile_generator.o(i.mp_get_assymetric_velocity)
    mp_get_available_buffers                 0x0000754d   Thumb Code     6  planner.o(i.mp_get_available_buffers)
    mp_get_deltav_max                        0x00007559   Thumb Code    26  profile_generator.o(i.mp_get_deltav_max)
    mp_get_latest_queued_buffer              0x0000757d   Thumb Code     8  planner.o(i.mp_get_latest_queued_buffer)
    mp_get_next_buffer                       0x00007589   Thumb Code     6  planner.o(i.mp_get_next_buffer)
    mp_get_prev_buffer                       0x0000758f   Thumb Code     6  planner.o(i.mp_get_prev_buffer)
    mp_get_run_buffer                        0x00007595   Thumb Code    48  planner.o(i.mp_get_run_buffer)
    mp_get_runtime_absolute_position         0x000075c9   Thumb Code    12  planner.o(i.mp_get_runtime_absolute_position)
    mp_get_runtime_busy                      0x000075d9   Thumb Code    28  line_planner.o(i.mp_get_runtime_busy)
    mp_get_runtime_position                  0x000075fd   Thumb Code    54  line_planner.o(i.mp_get_runtime_position)
    mp_get_runtime_work_position             0x0000763d   Thumb Code    28  planner.o(i.mp_get_runtime_work_position)
    mp_get_target_length                     0x0000765d   Thumb Code    44  profile_generator.o(i.mp_get_target_length)
    mp_get_write_buffer                      0x0000768d   Thumb Code    64  planner.o(i.mp_get_write_buffer)
    mp_init_buffers                          0x000076d1   Thumb Code   126  planner.o(i.mp_init_buffers)
    mp_motion_planning                       0x00007759   Thumb Code  1630  profile_generator.o(i.mp_motion_planning)
    mp_plan_line                             0x00007db9   Thumb Code  1086  line_planner.o(i.mp_plan_line)
    mp_set_motion_jerk                       0x000081fd   Thumb Code   342  profile_generator.o(i.mp_set_motion_jerk)
    mp_set_planner_position                  0x0000836d   Thumb Code    12  line_planner.o(i.mp_set_planner_position)
    mp_set_runtime_position                  0x0000837d   Thumb Code    12  line_planner.o(i.mp_set_runtime_position)
    mp_set_steps_to_runtime_position         0x0000838d   Thumb Code   146  planner.o(i.mp_set_steps_to_runtime_position)
    peripherals_init                         0x00008431   Thumb Code   158  hal.o(i.peripherals_init)
    read_switch                              0x000084e5   Thumb Code   122  switch.o(i.read_switch)
    sqrtf                                    0x00008565   Thumb Code    62  sqrtf.o(i.sqrtf)
    st_init                                  0x000085a5   Thumb Code   102  stepper.o(i.st_init)
    st_inverse_kinematics                    0x0000861d   Thumb Code    94  stepper.o(i.st_inverse_kinematics)
    st_load_move                             0x00008681   Thumb Code   546  stepper.o(i.st_load_move)
    st_prep_line                             0x000088c1   Thumb Code   726  stepper.o(i.st_prep_line)
    st_runtime_isbusy                        0x00008bc5   Thumb Code    14  stepper.o(i.st_runtime_isbusy)
    sw_init                                  0x00008d25   Thumb Code   132  switch.o(i.sw_init)
    _get_lc_ctype                            0x00008e05   Thumb Code    44  lc_ctype_c.o(locale$$code)
    _get_lc_numeric                          0x00008e31   Thumb Code    44  lc_numeric_c.o(locale$$code)
    __aeabi_d2f                              0x00008e5d   Thumb Code     0  d2f.o(x$fpl$d2f)
    _d2f                                     0x00008e5d   Thumb Code    98  d2f.o(x$fpl$d2f)
    __aeabi_dadd                             0x00008ec1   Thumb Code     0  daddsub_clz.o(x$fpl$dadd)
    _dadd                                    0x00008ec1   Thumb Code   332  daddsub_clz.o(x$fpl$dadd)
    __fpl_dcheck_NaN1                        0x00009011   Thumb Code    10  dcheck1.o(x$fpl$dcheck1)
    __fpl_dcmp_Inf                           0x00009021   Thumb Code    24  dcmpi.o(x$fpl$dcmpinf)
    __aeabi_cdcmpeq                          0x00009039   Thumb Code     0  deqf.o(x$fpl$deqf)
    _dcmpeq                                  0x00009039   Thumb Code   120  deqf.o(x$fpl$deqf)
    __aeabi_cdcmple                          0x000090b1   Thumb Code     0  dleqf.o(x$fpl$dleqf)
    _dcmple                                  0x000090b1   Thumb Code   120  dleqf.o(x$fpl$dleqf)
    __fpl_dcmple_InfNaN                      0x00009113   Thumb Code     0  dleqf.o(x$fpl$dleqf)
    __aeabi_dmul                             0x00009129   Thumb Code     0  dmul.o(x$fpl$dmul)
    _dmul                                    0x00009129   Thumb Code   332  dmul.o(x$fpl$dmul)
    __fpl_dnaninf                            0x0000927d   Thumb Code   156  dnaninf.o(x$fpl$dnaninf)
    __fpl_dretinf                            0x00009319   Thumb Code    12  dretinf.o(x$fpl$dretinf)
    __aeabi_cdrcmple                         0x00009325   Thumb Code     0  drleqf.o(x$fpl$drleqf)
    _drcmple                                 0x00009325   Thumb Code   108  drleqf.o(x$fpl$drleqf)
    __aeabi_dsub                             0x00009391   Thumb Code     0  daddsub_clz.o(x$fpl$dsub)
    _dsub                                    0x00009391   Thumb Code   464  daddsub_clz.o(x$fpl$dsub)
    __aeabi_f2d                              0x00009565   Thumb Code     0  f2d.o(x$fpl$f2d)
    _f2d                                     0x00009565   Thumb Code    86  f2d.o(x$fpl$f2d)
    __fpl_fnaninf                            0x000095bb   Thumb Code   140  fnaninf.o(x$fpl$fnaninf)
    _fp_init                                 0x00009647   Thumb Code    10  fpinit.o(x$fpl$fpinit)
    __fplib_config_fpu_vfp                   0x0000964f   Thumb Code     0  fpinit.o(x$fpl$fpinit)
    __fplib_config_pureend_doubles           0x0000964f   Thumb Code     0  fpinit.o(x$fpl$fpinit)
    __fpl_fretinf                            0x00009651   Thumb Code    10  fretinf.o(x$fpl$fretinf)
    _frnd                                    0x0000965d   Thumb Code    96  frnd.o(x$fpl$frnd)
    __fpl_return_NaN                         0x000096bd   Thumb Code   100  retnan.o(x$fpl$retnan)
    __ARM_scalbn                             0x00009721   Thumb Code    92  scalbn.o(x$fpl$scalbn)
    _scanf_real                              0x0000977d   Thumb Code     4  scanf1.o(x$fpl$scanf1)
    _scanf_hex_real                          0x00009781   Thumb Code     4  scanf2.o(x$fpl$scanf2)
    _scanf_infnan                            0x00009785   Thumb Code     4  scanf2.o(x$fpl$scanf2)
    __fpl_cmpreturn                          0x00009789   Thumb Code    48  trapv.o(x$fpl$trapveneer)
    __I$use$fp                               0x000097b8   Number         0  usenofp.o(x$fpl$usenofp)
    Region$$Table$$Base                      0x000098fc   Number         0  anon$$obj.o(Region$$Table)
    Region$$Table$$Limit                     0x0000991c   Number         0  anon$$obj.o(Region$$Table)
    __aeabi_HUGE_VAL                         0x0000991c   Data           0  fpconst.o(c$$dinf)
    __aeabi_HUGE_VALL                        0x0000991c   Data           0  fpconst.o(c$$dinf)
    __aeabi_INFINITY                         0x0000991c   Data           0  fpconst.o(c$$dinf)
    __dInf                                   0x0000991c   Data           0  fpconst.o(c$$dinf)
    __huge_val                               0x0000991c   Data           0  fpconst.o(c$$dinf)
    __ctype                                  0x00009931   Data           0  lc_ctype_c.o(locale$$data)
    string1                                  0x20000001   Data        3600  controller.o(.data)
    string2                                  0x20000e11   Data        1000  controller.o(.data)
    string                                   0x200011f9   Data        1000  controller.o(.data)
    cm                                       0x200015e4   Data         504  canonical.o(.bss)
    gc                                       0x200017dc   Data          12  gcode_parser.o(.bss)
    mb                                       0x200017e8   Data        8820  planner.o(.bss)
    mm                                       0x20003a5c   Data          28  planner.o(.bss)
    mr                                       0x20003a78   Data         268  planner.o(.bss)
    ld                                       0x20003b84   Data          20  loader.o(.bss)
    st_cfg                                   0x20003b98   Data          72  stepper.o(.bss)
    st_pre                                   0x20003be0   Data          88  stepper.o(.bss)
    st_run                                   0x20003c38   Data          40  stepper.o(.bss)
    en                                       0x20003c60   Data          24  encoder.o(.bss)
    arc                                      0x20003c78   Data         152  arc_planner.o(.bss)
    db                                       0x20003d10   Data         320  debugging.o(.bss)
    sw                                       0x20003e50   Data         200  switch.o(.bss)
    __libspace_start                         0x20003f88   Data          96  libspace.o(.bss)
    __temporary_stack_top$libspace           0x20003fe8   Data           0  libspace.o(.bss)



==============================================================================

Memory Map of the image

  Image Entry point : 0x0000026d

  Load Region LR_IROM1 (Base: 0x00000000, Size: 0x0000b034, Max: 0x00040000, ABSOLUTE, COMPRESSED[0x00009c9c])

    Execution Region ER_IROM1 (Base: 0x00000000, Size: 0x00009a50, Max: 0x00040000, ABSOLUTE)

    Base Addr    Size         Type   Attr      Idx    E Section Name        Object

    0x00000000   0x0000026c   Data   RO          426    RESET               startup_tm4c123.o
    0x0000026c   0x00000008   Code   RO         1474  * !!!main             c_w.l(__main.o)
    0x00000274   0x00000034   Code   RO         1915    !!!scatter          c_w.l(__scatter.o)
    0x000002a8   0x0000005a   Code   RO         1913    !!dczerorl2         c_w.l(__dczerorl2.o)
    0x00000302   0x00000002   PAD
    0x00000304   0x0000001c   Code   RO         1917    !!handler_zi        c_w.l(__scatter_zi.o)
    0x00000320   0x00000002   Code   RO         1722    .ARM.Collect$$libinit$$00000000  c_w.l(libinit.o)
    0x00000322   0x00000004   Code   RO         1660    .ARM.Collect$$libinit$$00000001  c_w.l(libinit2.o)
    0x00000326   0x00000000   Code   RO         1663    .ARM.Collect$$libinit$$00000004  c_w.l(libinit2.o)
    0x00000326   0x00000000   Code   RO         1666    .ARM.Collect$$libinit$$0000000A  c_w.l(libinit2.o)
    0x00000326   0x00000000   Code   RO         1668    .ARM.Collect$$libinit$$0000000C  c_w.l(libinit2.o)
    0x00000326   0x00000000   Code   RO         1670    .ARM.Collect$$libinit$$0000000E  c_w.l(libinit2.o)
    0x00000326   0x00000006   Code   RO         1671    .ARM.Collect$$libinit$$0000000F  c_w.l(libinit2.o)
    0x0000032c   0x00000000   Code   RO         1673    .ARM.Collect$$libinit$$00000011  c_w.l(libinit2.o)
    0x0000032c   0x0000000c   Code   RO         1674    .ARM.Collect$$libinit$$00000012  c_w.l(libinit2.o)
    0x00000338   0x00000000   Code   RO         1675    .ARM.Collect$$libinit$$00000013  c_w.l(libinit2.o)
    0x00000338   0x00000000   Code   RO         1677    .ARM.Collect$$libinit$$00000015  c_w.l(libinit2.o)
    0x00000338   0x0000000a   Code   RO         1678    .ARM.Collect$$libinit$$00000016  c_w.l(libinit2.o)
    0x00000342   0x00000000   Code   RO         1679    .ARM.Collect$$libinit$$00000017  c_w.l(libinit2.o)
    0x00000342   0x00000000   Code   RO         1681    .ARM.Collect$$libinit$$00000019  c_w.l(libinit2.o)
    0x00000342   0x00000000   Code   RO         1683    .ARM.Collect$$libinit$$0000001B  c_w.l(libinit2.o)
    0x00000342   0x00000000   Code   RO         1685    .ARM.Collect$$libinit$$0000001D  c_w.l(libinit2.o)
    0x00000342   0x00000000   Code   RO         1687    .ARM.Collect$$libinit$$0000001F  c_w.l(libinit2.o)
    0x00000342   0x00000000   Code   RO         1689    .ARM.Collect$$libinit$$00000021  c_w.l(libinit2.o)
    0x00000342   0x00000000   Code   RO         1691    .ARM.Collect$$libinit$$00000023  c_w.l(libinit2.o)
    0x00000342   0x00000000   Code   RO         1693    .ARM.Collect$$libinit$$00000025  c_w.l(libinit2.o)
    0x00000342   0x00000000   Code   RO         1697    .ARM.Collect$$libinit$$0000002C  c_w.l(libinit2.o)
    0x00000342   0x00000000   Code   RO         1699    .ARM.Collect$$libinit$$0000002E  c_w.l(libinit2.o)
    0x00000342   0x00000000   Code   RO         1701    .ARM.Collect$$libinit$$00000030  c_w.l(libinit2.o)
    0x00000342   0x00000000   Code   RO         1703    .ARM.Collect$$libinit$$00000032  c_w.l(libinit2.o)
    0x00000342   0x00000002   Code   RO         1704    .ARM.Collect$$libinit$$00000033  c_w.l(libinit2.o)
    0x00000344   0x00000002   Code   RO         1821    .ARM.Collect$$libshutdown$$00000000  c_w.l(libshutdown.o)
    0x00000346   0x00000000   Code   RO         1849    .ARM.Collect$$libshutdown$$00000002  c_w.l(libshutdown2.o)
    0x00000346   0x00000000   Code   RO         1851    .ARM.Collect$$libshutdown$$00000004  c_w.l(libshutdown2.o)
    0x00000346   0x00000000   Code   RO         1854    .ARM.Collect$$libshutdown$$00000007  c_w.l(libshutdown2.o)
    0x00000346   0x00000000   Code   RO         1857    .ARM.Collect$$libshutdown$$0000000A  c_w.l(libshutdown2.o)
    0x00000346   0x00000000   Code   RO         1859    .ARM.Collect$$libshutdown$$0000000C  c_w.l(libshutdown2.o)
    0x00000346   0x00000000   Code   RO         1862    .ARM.Collect$$libshutdown$$0000000F  c_w.l(libshutdown2.o)
    0x00000346   0x00000002   Code   RO         1863    .ARM.Collect$$libshutdown$$00000010  c_w.l(libshutdown2.o)
    0x00000348   0x00000000   Code   RO         1585    .ARM.Collect$$rtentry$$00000000  c_w.l(__rtentry.o)
    0x00000348   0x00000000   Code   RO         1632    .ARM.Collect$$rtentry$$00000002  c_w.l(__rtentry2.o)
    0x00000348   0x00000006   Code   RO         1644    .ARM.Collect$$rtentry$$00000004  c_w.l(__rtentry4.o)
    0x0000034e   0x00000000   Code   RO         1634    .ARM.Collect$$rtentry$$00000009  c_w.l(__rtentry2.o)
    0x0000034e   0x00000004   Code   RO         1635    .ARM.Collect$$rtentry$$0000000A  c_w.l(__rtentry2.o)
    0x00000352   0x00000000   Code   RO         1637    .ARM.Collect$$rtentry$$0000000C  c_w.l(__rtentry2.o)
    0x00000352   0x00000008   Code   RO         1638    .ARM.Collect$$rtentry$$0000000D  c_w.l(__rtentry2.o)
    0x0000035a   0x00000002   Code   RO         1725    .ARM.Collect$$rtexit$$00000000  c_w.l(rtexit.o)
    0x0000035c   0x00000000   Code   RO         1778    .ARM.Collect$$rtexit$$00000002  c_w.l(rtexit2.o)
    0x0000035c   0x00000004   Code   RO         1779    .ARM.Collect$$rtexit$$00000003  c_w.l(rtexit2.o)
    0x00000360   0x00000006   Code   RO         1780    .ARM.Collect$$rtexit$$00000004  c_w.l(rtexit2.o)
    0x00000366   0x00000002   PAD
    0x00000368   0x00000130   Code   RO          427    .text               startup_tm4c123.o
    0x00000498   0x00000010   Code   RO         1462    .text               c_w.l(rt_ctype_table.o)
    0x000004a8   0x0000001e   Code   RO         1464    .text               c_w.l(toupper.o)
    0x000004c6   0x00000014   Code   RO         1466    .text               c_w.l(strchr.o)
    0x000004da   0x00000064   Code   RO         1468    .text               c_w.l(rt_memcpy_w.o)
    0x0000053e   0x0000004e   Code   RO         1470    .text               c_w.l(rt_memclr_w.o)
    0x0000058c   0x00000006   Code   RO         1472    .text               c_w.l(heapauxi.o)
    0x00000592   0x00000002   PAD
    0x00000594   0x00000008   Code   RO         1589    .text               c_w.l(rt_locale_intlibspace.o)
    0x0000059c   0x00000016   Code   RO         1591    .text               c_w.l(_rserrno.o)
    0x000005b2   0x00000002   PAD
    0x000005b4   0x000000a4   Code   RO         1593    .text               c_w.l(strtod.o)
    0x00000658   0x00000008   Code   RO         1628    .text               c_w.l(libspace.o)
    0x00000660   0x00000008   Code   RO         1649    .text               c_w.l(rt_errno_addr_intlibspace.o)
    0x00000668   0x00000012   Code   RO         1651    .text               c_w.l(isspace.o)
    0x0000067a   0x00000040   Code   RO         1653    .text               c_w.l(_sgetc.o)
    0x000006ba   0x00000002   PAD
    0x000006bc   0x00000080   Code   RO         1658    .text               c_w.l(strcmpv7m.o)
    0x0000073c   0x0000004a   Code   RO         1707    .text               c_w.l(sys_stackheap_outer.o)
    0x00000786   0x00000002   PAD
    0x00000788   0x000004a4   Code   RO         1709    .text               c_w.l(scanf_fp.o)
    0x00000c2c   0x00000012   Code   RO         1713    .text               c_w.l(exit.o)
    0x00000c3e   0x00000002   PAD
    0x00000c40   0x000000dc   Code   RO         1727    .text               c_w.l(bigflt0.o)
    0x00000d1c   0x00000320   Code   RO         1786    .text               c_w.l(scanf_hexfp.o)
    0x0000103c   0x00000134   Code   RO         1788    .text               c_w.l(scanf_infnan.o)
    0x00001170   0x0000000c   Code   RO         1804    .text               c_w.l(sys_exit.o)
    0x0000117c   0x00000002   Code   RO         1806    .text               c_w.l(use_no_semi.o)
    0x0000117e   0x00000000   Code   RO         1808    .text               c_w.l(indicate_semi.o)
    0x0000117e   0x00000026   Code   RO         1811    .text               c_w.l(llshl.o)
    0x000011a4   0x0000001c   Code   RO         1813    .text               c_w.l(_chval.o)
    0x000011c0   0x00000338   Code   RO         1740    CL$$btod_div_common  c_w.l(btod.o)
    0x000014f8   0x00000054   Code   RO         1738    CL$$btod_e2d        c_w.l(btod.o)
    0x0000154c   0x000000c6   Code   RO         1737    CL$$btod_e2e        c_w.l(btod.o)
    0x00001612   0x00000028   Code   RO         1734    CL$$btod_ediv       c_w.l(btod.o)
    0x0000163a   0x00000028   Code   RO         1736    CL$$btod_edivd      c_w.l(btod.o)
    0x00001662   0x00000028   Code   RO         1733    CL$$btod_emul       c_w.l(btod.o)
    0x0000168a   0x00000028   Code   RO         1735    CL$$btod_emuld      c_w.l(btod.o)
    0x000016b2   0x00000244   Code   RO         1739    CL$$btod_mult_common  c_w.l(btod.o)
    0x000018f6   0x00000002   PAD
    0x000018f8   0x00000014   Code   RO          432    i.FPU_Enable        main.o
    0x0000190c   0x00000080   Code   RO         1225    i.GPIOE_Handler     switch.o
    0x0000198c   0x00000084   Code   RO         1226    i.GPIOF_Handler     switch.o
    0x00001a10   0x0000007c   Code   RO          412    i.PLL_Init          pll.o
    0x00001a8c   0x00000018   Code   RO          528    i.SysTick_Init      systick.o
    0x00001aa4   0x00000008   Code   RO          433    i.SystemInit        main.o
    0x00001aac   0x00000038   Code   RO          828    i.TIMER5A_Handler   loader.o
    0x00001ae4   0x00000024   Code   RO          829    i.TIMER5B_Handler   loader.o
    0x00001b08   0x000003d8   Code   RO         1000    i.WTIMER5A_Handler  stepper.o
    0x00001ee0   0x00000026   Code   RO         1609    i.__ARM_fpclassifyf  m_wm.l(fpclassifyf.o)
    0x00001f06   0x00000002   PAD
    0x00001f08   0x00000250   Code   RO         1486    i.__hardfp_atan2f   m_wm.l(atan2f.o)
    0x00002158   0x000000fc   Code   RO         1578    i.__hardfp_cbrtf    m_wm.l(cbrtf_fast.o)
    0x00002254   0x0000006c   Code   RO         1498    i.__hardfp_ceilf    m_wm.l(ceilf.o)
    0x000022c0   0x00000150   Code   RO         1504    i.__hardfp_cosf     m_wm.l(cosf.o)
    0x00002410   0x00000014   Code   RO         1516    i.__hardfp_fabs     m_wm.l(fabs.o)
    0x00002424   0x00000070   Code   RO         1522    i.__hardfp_floorf   m_wm.l(floorf.o)
    0x00002494   0x000001c0   Code   RO         1528    i.__hardfp_hypotf   m_wm.l(hypotf.o)
    0x00002654   0x00000004   PAD
    0x00002658   0x000000d0   Code   RO         1828    i.__hardfp_ldexp    m_wm.l(ldexp.o)
    0x00002728   0x0000009a   Code   RO         1570    i.__hardfp_roundf   m_wm.l(roundf.o)
    0x000027c2   0x00000002   PAD
    0x000027c4   0x00000190   Code   RO         1540    i.__hardfp_sinf     m_wm.l(sinf.o)
    0x00002954   0x0000003a   Code   RO         1552    i.__hardfp_sqrtf    m_wm.l(sqrtf.o)
    0x0000298e   0x00000002   PAD
    0x00002990   0x00000038   Code   RO         1564    i.__hardfp_strtof   m_wm.l(strtof.o)
    0x000029c8   0x0000005c   Code   RO         1574    i.__hardfp_truncf   m_wm.l(truncf.o)
    0x00002a24   0x00000004   PAD
    0x00002a28   0x00000020   Code   RO         1870    i.__mathlib_dbl_overflow  m_wm.l(dunder.o)
    0x00002a48   0x00000020   Code   RO         1872    i.__mathlib_dbl_underflow  m_wm.l(dunder.o)
    0x00002a68   0x00000006   Code   RO         1612    i.__mathlib_flt_infnan  m_wm.l(funder.o)
    0x00002a6e   0x00000006   Code   RO         1613    i.__mathlib_flt_infnan2  m_wm.l(funder.o)
    0x00002a74   0x00000010   Code   RO         1614    i.__mathlib_flt_invalid  m_wm.l(funder.o)
    0x00002a84   0x00000010   Code   RO         1615    i.__mathlib_flt_overflow  m_wm.l(funder.o)
    0x00002a94   0x00000010   Code   RO         1617    i.__mathlib_flt_underflow  m_wm.l(funder.o)
    0x00002aa4   0x00000004   PAD
    0x00002aa8   0x000000b8   Code   RO         1768    i.__mathlib_narrow  m_wm.l(narrow.o)
    0x00002b60   0x00000154   Code   RO         1625    i.__mathlib_rredf2  m_wm.l(rredf.o)
    0x00002cb4   0x00000014   Code   RO         1830    i.__support_ldexp   m_wm.l(ldexp.o)
    0x00002cc8   0x000000e4   Code   RO          690    i._calc_move_time   line_planner.o
    0x00002dac   0x00000048   Code   RO         1048    i._command_dispatch  controller.o
    0x00002df4   0x0000048c   Code   RO         1162    i._compute_arc      arc_planner.o
    0x00003280   0x00000150   Code   RO         1163    i._compute_arc_offsets_from_radius  arc_planner.o
    0x000033d0   0x00000118   Code   RO         1049    i._controller_HSM   controller.o
    0x000034e8   0x00000110   Code   RO         1164    i._estimate_arc_time  arc_planner.o
    0x000035f8   0x000000b8   Code   RO          953    i._exec_line_body   plan_exec.o
    0x000036b0   0x0000013c   Code   RO          954    i._exec_line_head   plan_exec.o
    0x000037ec   0x00000178   Code   RO          955    i._exec_line_segment  plan_exec.o
    0x00003964   0x00000114   Code   RO          956    i._exec_line_tail   plan_exec.o
    0x00003a78   0x00000330   Code   RO          351    i._execute_gcode_block  gcode_parser.o
    0x00003da8   0x000000a8   Code   RO         1227    i._get_initial_state  switch.o
    0x00003e50   0x000001a0   Code   RO          691    i._get_junction_vmax  line_planner.o
    0x00003ff0   0x000000b0   Code   RO         1324    i._get_next_axis    cycle_homing.o
    0x000040a0   0x0000007c   Code   RO          352    i._get_next_code_word  gcode_parser.o
    0x0000411c   0x00000024   Code   RO         1325    i._homing_abort     cycle_homing.o
    0x00004140   0x00000070   Code   RO         1326    i._homing_axis_clear  cycle_homing.o
    0x000041b0   0x0000004c   Code   RO         1327    i._homing_axis_latch  cycle_homing.o
    0x000041fc   0x00000068   Code   RO         1328    i._homing_axis_move  cycle_homing.o
    0x00004264   0x00000048   Code   RO         1329    i._homing_axis_search  cycle_homing.o
    0x000042ac   0x00000060   Code   RO         1330    i._homing_axis_set_zero  cycle_homing.o
    0x0000430c   0x000002d0   Code   RO         1331    i._homing_axis_start  cycle_homing.o
    0x000045dc   0x0000002c   Code   RO         1332    i._homing_axis_zero_backoff  cycle_homing.o
    0x00004608   0x0000000e   Code   RO         1333    i._homing_error_exit  cycle_homing.o
    0x00004616   0x00000002   PAD
    0x00004618   0x00000050   Code   RO         1334    i._homing_finalize_exit  cycle_homing.o
    0x00004668   0x0000017c   Code   RO          957    i._init_FD          plan_exec.o
    0x000047e4   0x0000000e   Code   RO         1711    i._is_digit         c_w.l(scanf_fp.o)
    0x000047f2   0x00000020   Code   RO         1050    i._limit_switch_handler  controller.o
    0x00004812   0x00000002   Code   RO         1228    i._no_action        switch.o
    0x00004814   0x00000004   Code   RO         1051    i._normal_idler     controller.o
    0x00004818   0x000000b8   Code   RO          353    i._normalize_gcode_block  gcode_parser.o
    0x000048d0   0x000008d0   Code   RO          354    i._parse_gcode_block  gcode_parser.o
    0x000051a0   0x000003a8   Code   RO          692    i._plan_block_list  line_planner.o
    0x00005548   0x0000003a   Code   RO          355    i._point            gcode_parser.o
    0x00005582   0x00000002   PAD
    0x00005584   0x00000058   Code   RO         1404    i._probe_restore_settings  cycle_probing.o
    0x000055dc   0x0000000c   Code   RO         1405    i._probing_error_exit  cycle_probing.o
    0x000055e8   0x0000000a   Code   RO         1406    i._probing_finalize  cycle_probing.o
    0x000055f2   0x00000002   PAD
    0x000055f4   0x00000064   Code   RO         1407    i._probing_finish   cycle_probing.o
    0x00005658   0x000000c4   Code   RO         1408    i._probing_init     cycle_probing.o
    0x0000571c   0x00000030   Code   RO         1409    i._probing_start    cycle_probing.o
    0x0000574c   0x00000010   Code   RO         1335    i._set_homing_func  cycle_homing.o
    0x0000575c   0x00000010   Code   RO         1410    i._set_pb_function  cycle_probing.o
    0x0000576c   0x00000012   Code   RO         1052    i._sync_to_planner  controller.o
    0x0000577e   0x0000000a   Code   RO         1229    i._trigger_cycle_start  switch.o
    0x00005788   0x00000002   Code   RO         1230    i._trigger_feedhold  switch.o
    0x0000578a   0x00000002   PAD
    0x0000578c   0x00000068   Code   RO            1    i.canonical_init    canonical.o
    0x000057f4   0x0000000c   Code   RO         1165    i.cm_abort_arc      arc_planner.o
    0x00005800   0x000000dc   Code   RO         1166    i.cm_arc_callback   arc_planner.o
    0x000058dc   0x00000610   Code   RO         1167    i.cm_arc_feed       arc_planner.o
    0x00005eec   0x00000098   Code   RO         1336    i.cm_cycle_homing_start  cycle_homing.o
    0x00005f84   0x0000001c   Code   RO            2    i.cm_cycle_start    canonical.o
    0x00005fa0   0x00000038   Code   RO            3    i.cm_finalize_move  canonical.o
    0x00005fd8   0x00000024   Code   RO            4    i.cm_get_absolute_position  canonical.o
    0x00005ffc   0x00000064   Code   RO            5    i.cm_get_active_coord_offset  canonical.o
    0x00006060   0x00000014   Code   RO            6    i.cm_get_axis_jerk  canonical.o
    0x00006074   0x00000008   Code   RO            7    i.cm_get_coordinate_system  canonical.o
    0x0000607c   0x00000008   Code   RO            8    i.cm_get_distance_mode  canonical.o
    0x00006084   0x00000012   Code   RO            9    i.cm_get_feedrate   canonical.o
    0x00006096   0x00000008   Code   RO           10    i.cm_get_feedrate_mode  canonical.o
    0x0000609e   0x00000002   PAD
    0x000060a0   0x0000000c   Code   RO           11    i.cm_get_machine_state  canonical.o
    0x000060ac   0x00000008   Code   RO           12    i.cm_get_motion_mode  canonical.o
    0x000060b4   0x00000008   Code   RO           13    i.cm_get_runtime_busy  canonical.o
    0x000060bc   0x00000008   Code   RO           14    i.cm_get_units_mode  canonical.o
    0x000060c4   0x00000018   Code   RO           15    i.cm_hard_alarm     canonical.o
    0x000060dc   0x00000030   Code   RO         1337    i.cm_homing_callback  cycle_homing.o
    0x0000610c   0x00000010   Code   RO           16    i.cm_request_cycle_start  canonical.o
    0x0000611c   0x00000030   Code   RO           17    i.cm_reset_origin_offsets  canonical.o
    0x0000614c   0x00000010   Code   RO           18    i.cm_resume_origin_offsets  canonical.o
    0x0000615c   0x00000010   Code   RO           19    i.cm_select_distance_mode  canonical.o
    0x0000616c   0x00000010   Code   RO           20    i.cm_select_path_control  canonical.o
    0x0000617c   0x00000010   Code   RO           21    i.cm_select_plane   canonical.o
    0x0000618c   0x00000010   Code   RO           22    i.cm_select_unit_mode  canonical.o
    0x0000619c   0x0000000c   Code   RO           23    i.cm_set_absolute_override  canonical.o
    0x000061a8   0x00000034   Code   RO           24    i.cm_set_axis_jerk  canonical.o
    0x000061dc   0x00000070   Code   RO           25    i.cm_set_coord_offsets  canonical.o
    0x0000624c   0x00000010   Code   RO           26    i.cm_set_coord_system  canonical.o
    0x0000625c   0x00000044   Code   RO           27    i.cm_set_feed_rate  canonical.o
    0x000062a0   0x00000010   Code   RO           28    i.cm_set_feed_rate_mode  canonical.o
    0x000062b0   0x0000000c   Code   RO           29    i.cm_set_model_linenum  canonical.o
    0x000062bc   0x000000b4   Code   RO           30    i.cm_set_model_target  canonical.o
    0x00006370   0x00000006   Code   RO           31    i.cm_set_motion_mode  canonical.o
    0x00006376   0x00000002   PAD
    0x00006378   0x00000040   Code   RO           32    i.cm_set_motion_state  canonical.o
    0x000063b8   0x00000090   Code   RO           33    i.cm_set_origin_offsets  canonical.o
    0x00006448   0x00000044   Code   RO           34    i.cm_set_position   canonical.o
    0x0000648c   0x00000024   Code   RO           35    i.cm_set_work_offsets  canonical.o
    0x000064b0   0x00000134   Code   RO           37    i.cm_straight_feed  canonical.o
    0x000065e4   0x000000c0   Code   RO         1412    i.cm_straight_probe  cycle_probing.o
    0x000066a4   0x00000038   Code   RO           38    i.cm_straight_traverse  canonical.o
    0x000066dc   0x00000010   Code   RO           39    i.cm_suspend_origin_offsets  canonical.o
    0x000066ec   0x00000008   Code   RO         1053    i.controller_run    controller.o
    0x000066f4   0x00000060   Code   RO         1207    i.db_init           debugging.o
    0x00006754   0x00000074   Code   RO         1115    i.dda_timer_init    hal.o
    0x000067c8   0x000000e0   Code   RO         1116    i.emergency_init    hal.o
    0x000068a8   0x0000002c   Code   RO         1091    i.en_set_encoder_steps  encoder.o
    0x000068d4   0x00000010   Code   RO         1092    i.encoder_init      encoder.o
    0x000068e4   0x00000074   Code   RO         1117    i.execute_timer_init  hal.o
    0x00006958   0x00000090   Code   RO          745    i.fp_Equal          util.o
    0x000069e8   0x0000008c   Code   RO         1800    i.frexp             m_wm.l(frexp.o)
    0x00006a74   0x00000060   Code   RO          356    i.gc_gcode_parser   gcode_parser.o
    0x00006ad4   0x0000000c   Code   RO         1231    i.get_limit_switchs_thrown  switch.o
    0x00006ae0   0x0000000c   Code   RO         1233    i.get_probe_state   switch.o
    0x00006aec   0x0000001c   Code   RO         1235    i.get_switch_mode   switch.o
    0x00006b08   0x0000001c   Code   RO         1236    i.get_switch_state  switch.o
    0x00006b24   0x00000060   Code   RO          746    i.get_vector_length  util.o
    0x00006b84   0x00000030   Code   RO          830    i.ld_init           loader.o
    0x00006bb4   0x00000020   Code   RO          831    i.ld_request_exe    loader.o
    0x00006bd4   0x00000030   Code   RO          832    i.ld_request_load   loader.o
    0x00006c04   0x0000018c   Code   RO         1118    i.limit_init        hal.o
    0x00006d90   0x00000070   Code   RO         1119    i.load_timer_init   hal.o
    0x00006e00   0x000001b0   Code   RO          434    i.main              main.o
    0x00006fb0   0x00000016   Code   RO          576    i.mp_clear_buffer   planner.o
    0x00006fc6   0x00000002   PAD
    0x00006fc8   0x0000032c   Code   RO          958    i.mp_exec_line      plan_exec.o
    0x000072f4   0x00000020   Code   RO          959    i.mp_exec_move      plan_exec.o
    0x00007314   0x00000012   Code   RO          578    i.mp_flush_planner  planner.o
    0x00007326   0x00000002   PAD
    0x00007328   0x00000044   Code   RO          579    i.mp_free_run_buffer  planner.o
    0x0000736c   0x000001e0   Code   RO          776    i.mp_get_assymetric_velocity  profile_generator.o
    0x0000754c   0x0000000c   Code   RO          580    i.mp_get_available_buffers  planner.o
    0x00007558   0x00000024   Code   RO          777    i.mp_get_deltav_max  profile_generator.o
    0x0000757c   0x0000000c   Code   RO          583    i.mp_get_latest_queued_buffer  planner.o
    0x00007588   0x00000006   Code   RO          584    i.mp_get_next_buffer  planner.o
    0x0000758e   0x00000006   Code   RO          585    i.mp_get_prev_buffer  planner.o
    0x00007594   0x00000034   Code   RO          586    i.mp_get_run_buffer  planner.o
    0x000075c8   0x00000010   Code   RO          587    i.mp_get_runtime_absolute_position  planner.o
    0x000075d8   0x00000024   Code   RO          693    i.mp_get_runtime_busy  line_planner.o
    0x000075fc   0x00000040   Code   RO          694    i.mp_get_runtime_position  line_planner.o
    0x0000763c   0x00000020   Code   RO          588    i.mp_get_runtime_work_position  planner.o
    0x0000765c   0x00000030   Code   RO          780    i.mp_get_target_length  profile_generator.o
    0x0000768c   0x00000044   Code   RO          589    i.mp_get_write_buffer  planner.o
    0x000076d0   0x00000088   Code   RO          590    i.mp_init_buffers   planner.o
    0x00007758   0x0000065e   Code   RO          781    i.mp_motion_planning  profile_generator.o
    0x00007db6   0x00000002   PAD
    0x00007db8   0x00000444   Code   RO          695    i.mp_plan_line      line_planner.o
    0x000081fc   0x00000170   Code   RO          782    i.mp_set_motion_jerk  profile_generator.o
    0x0000836c   0x00000010   Code   RO          696    i.mp_set_planner_position  line_planner.o
    0x0000837c   0x00000010   Code   RO          697    i.mp_set_runtime_position  line_planner.o
    0x0000838c   0x000000a4   Code   RO          591    i.mp_set_steps_to_runtime_position  planner.o
    0x00008430   0x000000b4   Code   RO         1120    i.peripherals_init  hal.o
    0x000084e4   0x00000080   Code   RO         1238    i.read_switch       switch.o
    0x00008564   0x0000003e   Code   RO         1554    i.sqrtf             m_wm.l(sqrtf.o)
    0x000085a2   0x00000002   PAD
    0x000085a4   0x00000078   Code   RO         1001    i.st_init           stepper.o
    0x0000861c   0x00000064   Code   RO         1002    i.st_inverse_kinematics  stepper.o
    0x00008680   0x00000240   Code   RO         1003    i.st_load_move      stepper.o
    0x000088c0   0x00000304   Code   RO         1004    i.st_prep_line      stepper.o
    0x00008bc4   0x00000014   Code   RO         1005    i.st_runtime_isbusy  stepper.o
    0x00008bd8   0x0000014c   Code   RO         1121    i.stepper_init      hal.o
    0x00008d24   0x00000094   Code   RO         1239    i.sw_init           switch.o
    0x00008db8   0x0000004c   Code   RO         1122    i.tick_timer_init   hal.o
    0x00008e04   0x0000002c   Code   RO         1596    locale$$code        c_w.l(lc_ctype_c.o)
    0x00008e30   0x0000002c   Code   RO         1656    locale$$code        c_w.l(lc_numeric_c.o)
    0x00008e5c   0x00000062   Code   RO         1476    x$fpl$d2f           fz_wm.l(d2f.o)
    0x00008ebe   0x00000002   PAD
    0x00008ec0   0x00000150   Code   RO         1478    x$fpl$dadd          fz_wm.l(daddsub_clz.o)
    0x00009010   0x00000010   Code   RO         1885    x$fpl$dcheck1       fz_wm.l(dcheck1.o)
    0x00009020   0x00000018   Code   RO         1822    x$fpl$dcmpinf       fz_wm.l(dcmpi.o)
    0x00009038   0x00000078   Code   RO         1794    x$fpl$deqf          fz_wm.l(deqf.o)
    0x000090b0   0x00000078   Code   RO         1824    x$fpl$dleqf         fz_wm.l(dleqf.o)
    0x00009128   0x00000154   Code   RO         1826    x$fpl$dmul          fz_wm.l(dmul.o)
    0x0000927c   0x0000009c   Code   RO         1598    x$fpl$dnaninf       fz_wm.l(dnaninf.o)
    0x00009318   0x0000000c   Code   RO         1600    x$fpl$dretinf       fz_wm.l(dretinf.o)
    0x00009324   0x0000006c   Code   RO         1796    x$fpl$drleqf        fz_wm.l(drleqf.o)
    0x00009390   0x000001d4   Code   RO         1480    x$fpl$dsub          fz_wm.l(daddsub_clz.o)
    0x00009564   0x00000056   Code   RO         1484    x$fpl$f2d           fz_wm.l(f2d.o)
    0x000095ba   0x0000008c   Code   RO         1602    x$fpl$fnaninf       fz_wm.l(fnaninf.o)
    0x00009646   0x0000000a   Code   RO         1723    x$fpl$fpinit        fz_wm.l(fpinit.o)
    0x00009650   0x0000000a   Code   RO         1604    x$fpl$fretinf       fz_wm.l(fretinf.o)
    0x0000965a   0x00000002   PAD
    0x0000965c   0x00000060   Code   RO         1606    x$fpl$frnd          fz_wm.l(frnd.o)
    0x000096bc   0x00000064   Code   RO         1907    x$fpl$retnan        fz_wm.l(retnan.o)
    0x00009720   0x0000005c   Code   RO         1864    x$fpl$scalbn        fz_wm.l(scalbn.o)
    0x0000977c   0x00000004   Code   RO         1705    x$fpl$scanf1        fz_wm.l(scanf1.o)
    0x00009780   0x00000008   Code   RO         1761    x$fpl$scanf2        fz_wm.l(scanf2.o)
    0x00009788   0x00000030   Code   RO         1909    x$fpl$trapveneer    fz_wm.l(trapv.o)
    0x000097b8   0x00000000   Code   RO         1608    x$fpl$usenofp       fz_wm.l(usenofp.o)
    0x000097b8   0x00000090   Data   RO         1581    .constdata          m_wm.l(cbrtf_fast.o)
    0x00009848   0x00000020   Data   RO         1626    .constdata          m_wm.l(rredf.o)
    0x00009868   0x00000094   Data   RO         1728    .constdata          c_w.l(bigflt0.o)
    0x000098fc   0x00000020   Data   RO         1911    Region$$Table       anon$$obj.o
    0x0000991c   0x00000008   Data   RO         1756    c$$dinf             fz_wm.l(fpconst.o)
    0x00009924   0x00000110   Data   RO         1595    locale$$data        c_w.l(lc_ctype_c.o)
    0x00009a34   0x0000001c   Data   RO         1655    locale$$data        c_w.l(lc_numeric_c.o)


    Execution Region RW_IRAM1 (Base: 0x20000000, Size: 0x000061e8, Max: 0x00008000, ABSOLUTE, COMPRESSED[0x0000024c])

    Base Addr    Size         Type   Attr      Idx    E Section Name        Object

    0x20000000   0x000015e1   Data   RW         1054    .data               controller.o
    0x200015e1   0x00000003   PAD
    0x200015e4   0x000001f8   Zero   RW           40    .bss                canonical.o
    0x200017dc   0x0000000c   Zero   RW          357    .bss                gcode_parser.o
    0x200017e8   0x0000239c   Zero   RW          593    .bss                planner.o
    0x20003b84   0x00000014   Zero   RW          833    .bss                loader.o
    0x20003b98   0x000000c8   Zero   RW         1006    .bss                stepper.o
    0x20003c60   0x00000018   Zero   RW         1093    .bss                encoder.o
    0x20003c78   0x00000098   Zero   RW         1168    .bss                arc_planner.o
    0x20003d10   0x00000140   Zero   RW         1208    .bss                debugging.o
    0x20003e50   0x000000c8   Zero   RW         1240    .bss                switch.o
    0x20003f18   0x00000034   Zero   RW         1338    .bss                cycle_homing.o
    0x20003f4c   0x0000003c   Zero   RW         1413    .bss                cycle_probing.o
    0x20003f88   0x00000060   Zero   RW         1629    .bss                c_w.l(libspace.o)
    0x20003fe8   0x00000200   Zero   RW          425    HEAP                startup_tm4c123.o
    0x200041e8   0x00002000   Zero   RW          424    STACK               startup_tm4c123.o


==============================================================================

Image component sizes


      Code (inc. data)   RO Data    RW Data    ZI Data      Debug   Object Name

      3556        134          0          0        152       6953   arc_planner.o
      1756        192          0          0        504      34372   canonical.o
       414         18          0       5601          0       3966   controller.o
      1746        146          0          0         52       9537   cycle_homing.o
       662         80          0          0         60       5411   cycle_probing.o
        96          8          0          0        320       1623   debugging.o
        60          8          0          0         24       1939   encoder.o
      3534        158          0          0         12      10852   gcode_parser.o
      1552        148          0          0          0       3691   hal.o
      2804        110          0          0          0      12827   line_planner.o
       220         58          0          0         20       5126   loader.o
       460         60          0          0          0       6870   main.o
      2376         98          0          0          0       5362   plan_exec.o
       612         58          0          0       9116      10577   planner.o
       124          4          0          0          0        471   pll.o
      2562         78          0          0          0      10772   profile_generator.o
       304         26        620          0       8704       5464   startup_tm4c123.o
      2572        138          0          0        200       6886   stepper.o
       798         82          0          0        200       7121   switch.o
        24          0          0          0          0        451   systick.o
       240          6          0          0          0       1451   util.o

    ----------------------------------------------------------------------
     26490       1610        652       5604      19364     151722   Object Totals
         0          0         32          0          0          0   (incl. Generated)
        18          0          0          3          0          0   (incl. Padding)

    ----------------------------------------------------------------------

      Code (inc. data)   RO Data    RW Data    ZI Data      Debug   Library Member Name

        90          0          0          0          0          0   __dczerorl2.o
         8          0          0          0          0         68   __main.o
         0          0          0          0          0          0   __rtentry.o
        12          0          0          0          0          0   __rtentry2.o
         6          0          0          0          0          0   __rtentry4.o
        52          8          0          0          0          0   __scatter.o
        28          0          0          0          0          0   __scatter_zi.o
        28          0          0          0          0         68   _chval.o
        22          0          0          0          0        100   _rserrno.o
        64          0          0          0          0         84   _sgetc.o
       220          4        148          0          0         96   bigflt0.o
      1846        132          0          0          0        736   btod.o
        18          0          0          0          0         80   exit.o
         6          0          0          0          0        152   heapauxi.o
         0          0          0          0          0          0   indicate_semi.o
        18          0          0          0          0         76   isspace.o
        44         10        272          0          0         76   lc_ctype_c.o
        44         10         28          0          0         76   lc_numeric_c.o
         2          0          0          0          0          0   libinit.o
        34          0          0          0          0          0   libinit2.o
         2          0          0          0          0          0   libshutdown.o
         2          0          0          0          0          0   libshutdown2.o
         8          4          0          0         96         68   libspace.o
        38          0          0          0          0         68   llshl.o
        16          4          0          0          0         76   rt_ctype_table.o
         8          4          0          0          0         68   rt_errno_addr_intlibspace.o
         8          4          0          0          0         68   rt_locale_intlibspace.o
        78          0          0          0          0         80   rt_memclr_w.o
       100          0          0          0          0         80   rt_memcpy_w.o
         2          0          0          0          0          0   rtexit.o
        10          0          0          0          0          0   rtexit2.o
      1202         12          0          0          0        216   scanf_fp.o
       800         14          0          0          0        100   scanf_hexfp.o
       308         16          0          0          0        100   scanf_infnan.o
        20          0          0          0          0         68   strchr.o
       128          0          0          0          0         68   strcmpv7m.o
       164         14          0          0          0        120   strtod.o
        12          4          0          0          0         68   sys_exit.o
        74          0          0          0          0         80   sys_stackheap_outer.o
        30          0          0          0          0         76   toupper.o
         2          0          0          0          0         68   use_no_semi.o
        98          4          0          0          0        140   d2f.o
       804         16          0          0          0        368   daddsub_clz.o
        16          4          0          0          0        116   dcheck1.o
        24          0          0          0          0        116   dcmpi.o
       120          4          0          0          0        140   deqf.o
       120          4          0          0          0        140   dleqf.o
       340         12          0          0          0        152   dmul.o
       156          4          0          0          0        140   dnaninf.o
        12          0          0          0          0        116   dretinf.o
       108          0          0          0          0        128   drleqf.o
        86          4          0          0          0        132   f2d.o
       140          4          0          0          0        132   fnaninf.o
         0          0          8          0          0          0   fpconst.o
        10          0          0          0          0        116   fpinit.o
        10          0          0          0          0        116   fretinf.o
        96          4          0          0          0        124   frnd.o
       100          0          0          0          0        116   retnan.o
        92          0          0          0          0        116   scalbn.o
         4          0          0          0          0        116   scanf1.o
         8          0          0          0          0        132   scanf2.o
        48          0          0          0          0        116   trapv.o
         0          0          0          0          0          0   usenofp.o
       592         90          0          0          0        184   atan2f.o
       252         34        144          0          0        116   cbrtf_fast.o
       108         10          0          0          0        116   ceilf.o
       336         56          0          0          0        136   cosf.o
        64         16          0          0          0        248   dunder.o
        20          0          0          0          0        124   fabs.o
       112         14          0          0          0        116   floorf.o
        38          0          0          0          0        116   fpclassifyf.o
       140         22          0          0          0        132   frexp.o
        60         18          0          0          0        580   funder.o
       448         10          0          0          0        196   hypotf.o
       228          8          0          0          0        308   ldexp.o
       184         18          0          0          0        152   narrow.o
       154          0          0          0          0        140   roundf.o
       340         24         32          0          0        160   rredf.o
       400         56          0          0          0        212   sinf.o
       120          0          0          0          0        272   sqrtf.o
        56         14          0          0          0        128   strtof.o
        92          0          0          0          0        136   truncf.o

    ----------------------------------------------------------------------
     11730        698        632          0         96       9428   Library Totals
        40          8          0          0          0          0   (incl. Padding)

    ----------------------------------------------------------------------

      Code (inc. data)   RO Data    RW Data    ZI Data      Debug   Library Name

      5554        240        448          0         96       3084   c_w.l
      2392         60          8          0          0       2772   fz_wm.l
      3744        390        176          0          0       3572   m_wm.l

    ----------------------------------------------------------------------
     11730        698        632          0         96       9428   Library Totals

    ----------------------------------------------------------------------

==============================================================================


      Code (inc. data)   RO Data    RW Data    ZI Data      Debug   

     38220       2308       1284       5604      19460     141286   Grand Totals
     38220       2308       1284        588      19460     141286   ELF Image Totals (compressed)
     38220       2308       1284        588          0          0   ROM Totals

==============================================================================

    Total RO  Size (Code + RO Data)                39504 (  38.58kB)
    Total RW  Size (RW Data + ZI Data)             25064 (  24.48kB)
    Total ROM Size (Code + RO Data + RW Data)      40092 (  39.15kB)

==============================================================================

